###############################################################################
#
# IAR ELF Linker V7.70.1.11437/W32 for ARM                25/Nov/2016  23:57:49
# Copyright 2007-2016 IAR Systems AB.
#
#    Output file  =  
#        C:\Users\Administrator\Desktop\标准程序收集\自己标准库移植modbus成功\Debug\Exe\stm32_01.out
#    Map file     =  
#        C:\Users\Administrator\Desktop\标准程序收集\自己标准库移植modbus成功\Debug\List\stm32_01.map
#    Command line =  
#        C:\Users\Administrator\Desktop\标准程序收集\自己标准库移植modbus成功\Debug\Obj\main.o
#        C:\Users\Administrator\Desktop\标准程序收集\自己标准库移植modbus成功\Debug\Obj\mb.o
#        C:\Users\Administrator\Desktop\标准程序收集\自己标准库移植modbus成功\Debug\Obj\mbascii.o
#        C:\Users\Administrator\Desktop\标准程序收集\自己标准库移植modbus成功\Debug\Obj\mbcrc.o
#        C:\Users\Administrator\Desktop\标准程序收集\自己标准库移植modbus成功\Debug\Obj\mbfunccoils.o
#        C:\Users\Administrator\Desktop\标准程序收集\自己标准库移植modbus成功\Debug\Obj\mbfuncdiag.o
#        C:\Users\Administrator\Desktop\标准程序收集\自己标准库移植modbus成功\Debug\Obj\mbfuncdisc.o
#        C:\Users\Administrator\Desktop\标准程序收集\自己标准库移植modbus成功\Debug\Obj\mbfuncholding.o
#        C:\Users\Administrator\Desktop\标准程序收集\自己标准库移植modbus成功\Debug\Obj\mbfuncinput.o
#        C:\Users\Administrator\Desktop\标准程序收集\自己标准库移植modbus成功\Debug\Obj\mbfuncother.o
#        C:\Users\Administrator\Desktop\标准程序收集\自己标准库移植modbus成功\Debug\Obj\mbrtu.o
#        C:\Users\Administrator\Desktop\标准程序收集\自己标准库移植modbus成功\Debug\Obj\mbtcp.o
#        C:\Users\Administrator\Desktop\标准程序收集\自己标准库移植modbus成功\Debug\Obj\mbutils.o
#        C:\Users\Administrator\Desktop\标准程序收集\自己标准库移植modbus成功\Debug\Obj\misc.o
#        C:\Users\Administrator\Desktop\标准程序收集\自己标准库移植modbus成功\Debug\Obj\portevent.o
#        C:\Users\Administrator\Desktop\标准程序收集\自己标准库移植modbus成功\Debug\Obj\portserial.o
#        C:\Users\Administrator\Desktop\标准程序收集\自己标准库移植modbus成功\Debug\Obj\porttimer.o
#        C:\Users\Administrator\Desktop\标准程序收集\自己标准库移植modbus成功\Debug\Obj\startup_stm32f10x_md.o
#        C:\Users\Administrator\Desktop\标准程序收集\自己标准库移植modbus成功\Debug\Obj\stm32f10x_adc.o
#        C:\Users\Administrator\Desktop\标准程序收集\自己标准库移植modbus成功\Debug\Obj\stm32f10x_bkp.o
#        C:\Users\Administrator\Desktop\标准程序收集\自己标准库移植modbus成功\Debug\Obj\stm32f10x_can.o
#        C:\Users\Administrator\Desktop\标准程序收集\自己标准库移植modbus成功\Debug\Obj\stm32f10x_cec.o
#        C:\Users\Administrator\Desktop\标准程序收集\自己标准库移植modbus成功\Debug\Obj\stm32f10x_crc.o
#        C:\Users\Administrator\Desktop\标准程序收集\自己标准库移植modbus成功\Debug\Obj\stm32f10x_dac.o
#        C:\Users\Administrator\Desktop\标准程序收集\自己标准库移植modbus成功\Debug\Obj\stm32f10x_dbgmcu.o
#        C:\Users\Administrator\Desktop\标准程序收集\自己标准库移植modbus成功\Debug\Obj\stm32f10x_dma.o
#        C:\Users\Administrator\Desktop\标准程序收集\自己标准库移植modbus成功\Debug\Obj\stm32f10x_exti.o
#        C:\Users\Administrator\Desktop\标准程序收集\自己标准库移植modbus成功\Debug\Obj\stm32f10x_flash.o
#        C:\Users\Administrator\Desktop\标准程序收集\自己标准库移植modbus成功\Debug\Obj\stm32f10x_fsmc.o
#        C:\Users\Administrator\Desktop\标准程序收集\自己标准库移植modbus成功\Debug\Obj\stm32f10x_gpio.o
#        C:\Users\Administrator\Desktop\标准程序收集\自己标准库移植modbus成功\Debug\Obj\stm32f10x_i2c.o
#        C:\Users\Administrator\Desktop\标准程序收集\自己标准库移植modbus成功\Debug\Obj\stm32f10x_iwdg.o
#        C:\Users\Administrator\Desktop\标准程序收集\自己标准库移植modbus成功\Debug\Obj\stm32f10x_pwr.o
#        C:\Users\Administrator\Desktop\标准程序收集\自己标准库移植modbus成功\Debug\Obj\stm32f10x_rcc.o
#        C:\Users\Administrator\Desktop\标准程序收集\自己标准库移植modbus成功\Debug\Obj\stm32f10x_rtc.o
#        C:\Users\Administrator\Desktop\标准程序收集\自己标准库移植modbus成功\Debug\Obj\stm32f10x_sdio.o
#        C:\Users\Administrator\Desktop\标准程序收集\自己标准库移植modbus成功\Debug\Obj\stm32f10x_spi.o
#        C:\Users\Administrator\Desktop\标准程序收集\自己标准库移植modbus成功\Debug\Obj\stm32f10x_tim.o
#        C:\Users\Administrator\Desktop\标准程序收集\自己标准库移植modbus成功\Debug\Obj\stm32f10x_usart.o
#        C:\Users\Administrator\Desktop\标准程序收集\自己标准库移植modbus成功\Debug\Obj\stm32f10x_wwdg.o
#        C:\Users\Administrator\Desktop\标准程序收集\自己标准库移植modbus成功\Debug\Obj\system_stm32f10x.o
#        --redirect _Printf=_PrintfFull --redirect _Scanf=_ScanfFull -o
#        C:\Users\Administrator\Desktop\标准程序收集\自己标准库移植modbus成功\Debug\Exe\stm32_01.out
#        --map
#        C:\Users\Administrator\Desktop\标准程序收集\自己标准库移植modbus成功\Debug\List\stm32_01.map
#        --log call_graph --log_file
#        C:\Users\Administrator\Desktop\标准程序收集\自己标准库移植modbus成功\Debug\List\stm32_01.log
#        --config "D:\Program Files (x86)\IAR Systems\Embedded Workbench
#        7.5\arm\config\linker\ST\stm32f103xC.icf" --semihosting --entry
#        __iar_program_start --vfe
#
###############################################################################

*******************************************************************************
*** RUNTIME MODEL ATTRIBUTES
***

CppFlavor       = *
__SystemLibrary = DLib


*******************************************************************************
*** PLACEMENT SUMMARY
***

"A0":  place at 0x08000000 { ro section .intvec };
"P1":  place in [from 0x08000000 to 0x0803ffff] { ro };
"P2":  place in [from 0x20000000 to 0x2000bfff] { rw, block CSTACK, block HEAP };
initialize by copy { rw };

  Section            Kind        Address    Size  Object
  -------            ----        -------    ----  ------
"A0":                                       0xec
  .intvec            ro code  0x08000000    0xec  startup_stm32f10x_md.o [1]
                            - 0x080000ec    0xec

"P1":                                     0x1c1c
  .text              ro code  0x080000ec   0x430  mbascii.o [1]
  .text              ro code  0x0800051c   0x138  portserial.o [1]
  .text              ro code  0x08000654   0x108  porttimer.o [1]
  .text              ro code  0x0800075c    0x30  portevent.o [1]
  .text              ro code  0x0800078c    0x24  ABIassert.o [5]
  .text              ro code  0x080007b0   0x13e  stm32f10x_usart.o [1]
  .text              ro code  0x080008f0    0xb0  stm32f10x_rcc.o [1]
  .text              ro code  0x080009a0    0xba  stm32f10x_gpio.o [1]
  .text              ro code  0x08000a5c    0x7c  misc.o [1]
  .text              ro code  0x08000ad8   0x110  stm32f10x_tim.o [1]
  .text              ro code  0x08000be8     0x6  abort.o [3]
  .text              ro code  0x08000bf0    0x14  exit.o [5]
  .text              ro code  0x08000c04   0x35c  mbrtu.o [1]
  .text              ro code  0x08000f60   0x22c  mbcrc.o [1]
  .text              ro code  0x0800118c   0x19c  mb.o [1]
  .text              ro code  0x08001328   0x180  main.o [1]
  .text              ro code  0x080014a8    0xf8  mbutils.o [1]
  .text              ro code  0x080015a0   0x17e  mbfuncholding.o [1]
  .text              ro code  0x0800171e   0x13a  mbfunccoils.o [1]
  .text              ro code  0x08001858    0xec  system_stm32f10x.o [1]
  .text              ro code  0x08001944    0x78  mbfuncdisc.o [1]
  .text              ro code  0x080019bc    0x76  ABImemcpy_unaligned.o [4]
  .text              ro code  0x08001a32    0x60  mbfuncinput.o [1]
  .text              ro code  0x08001a92    0x40  zero_init3.o [4]
  .text              ro code  0x08001ad2    0x38  packbits_init_single.o [4]
  .text              ro code  0x08001b0c    0x28  data_init.o [4]
  .iar.init_table    const    0x08001b34    0x20  - Linker created -
  .text              ro code  0x08001b54    0x20  mbfuncother.o [1]
  .text              ro code  0x08001b74    0x1a  cmain.o [4]
  .text              ro code  0x08001b8e     0x4  low_level_init.o [3]
  .text              ro code  0x08001b92     0x4  exit.o [3]
  .text              ro code  0x08001b98     0xa  cexit.o [4]
  .text              ro code  0x08001ba4    0x10  startup_stm32f10x_md.o [1]
  .text              ro code  0x08001bb4     0xc  cstartup_M.o [4]
  .text              ro code  0x08001bc0     0x4  startup_stm32f10x_md.o [1]
  .text              ro code  0x08001bc4     0x4  startup_stm32f10x_md.o [1]
  .text              ro code  0x08001bc8     0x4  startup_stm32f10x_md.o [1]
  .text              ro code  0x08001bcc     0x4  startup_stm32f10x_md.o [1]
  .text              ro code  0x08001bd0     0x4  startup_stm32f10x_md.o [1]
  .text              ro code  0x08001bd4     0x4  startup_stm32f10x_md.o [1]
  .text              ro code  0x08001bd8     0x4  startup_stm32f10x_md.o [1]
  .text              ro code  0x08001bdc     0x4  startup_stm32f10x_md.o [1]
  .text              ro code  0x08001be0     0x4  startup_stm32f10x_md.o [1]
  .text              ro code  0x08001be4     0x4  startup_stm32f10x_md.o [1]
  .text              ro code  0x08001be8     0x4  startup_stm32f10x_md.o [1]
  .text              ro code  0x08001bec     0x4  startup_stm32f10x_md.o [1]
  .text              ro code  0x08001bf0     0x4  startup_stm32f10x_md.o [1]
  .text              ro code  0x08001bf4     0x4  startup_stm32f10x_md.o [1]
  .text              ro code  0x08001bf8     0x4  startup_stm32f10x_md.o [1]
  .text              ro code  0x08001bfc     0x4  startup_stm32f10x_md.o [1]
  .text              ro code  0x08001c00     0x4  startup_stm32f10x_md.o [1]
  .text              ro code  0x08001c04     0x4  startup_stm32f10x_md.o [1]
  .text              ro code  0x08001c08     0x4  startup_stm32f10x_md.o [1]
  .text              ro code  0x08001c0c     0x4  startup_stm32f10x_md.o [1]
  .text              ro code  0x08001c10     0x4  startup_stm32f10x_md.o [1]
  .text              ro code  0x08001c14     0x4  startup_stm32f10x_md.o [1]
  .text              ro code  0x08001c18     0x4  startup_stm32f10x_md.o [1]
  .text              ro code  0x08001c1c     0x4  startup_stm32f10x_md.o [1]
  .text              ro code  0x08001c20     0x4  startup_stm32f10x_md.o [1]
  .text              ro code  0x08001c24     0x4  startup_stm32f10x_md.o [1]
  .text              ro code  0x08001c28     0x4  startup_stm32f10x_md.o [1]
  .text              ro code  0x08001c2c     0x4  startup_stm32f10x_md.o [1]
  .text              ro code  0x08001c30     0x4  startup_stm32f10x_md.o [1]
  .text              ro code  0x08001c34     0x4  startup_stm32f10x_md.o [1]
  .text              ro code  0x08001c38     0x4  startup_stm32f10x_md.o [1]
  .text              ro code  0x08001c3c     0x4  startup_stm32f10x_md.o [1]
  .text              ro code  0x08001c40     0x4  startup_stm32f10x_md.o [1]
  .text              ro code  0x08001c44     0x4  startup_stm32f10x_md.o [1]
  .text              ro code  0x08001c48     0x4  startup_stm32f10x_md.o [1]
  .text              ro code  0x08001c4c     0x4  startup_stm32f10x_md.o [1]
  .text              ro code  0x08001c50     0x4  startup_stm32f10x_md.o [1]
  .text              ro code  0x08001c54     0x4  startup_stm32f10x_md.o [1]
  .text              ro code  0x08001c58     0x4  startup_stm32f10x_md.o [1]
  .text              ro code  0x08001c5c     0x4  startup_stm32f10x_md.o [1]
  .text              ro code  0x08001c60     0x4  startup_stm32f10x_md.o [1]
  .text              ro code  0x08001c64     0x4  startup_stm32f10x_md.o [1]
  .text              ro code  0x08001c68     0x4  startup_stm32f10x_md.o [1]
  .text              ro code  0x08001c6c     0x4  startup_stm32f10x_md.o [1]
  .text              ro code  0x08001c70     0x4  startup_stm32f10x_md.o [1]
  .text              ro code  0x08001c74     0x4  startup_stm32f10x_md.o [1]
  .text              ro code  0x08001c78     0x4  startup_stm32f10x_md.o [1]
  .text              ro code  0x08001c7c     0x4  startup_stm32f10x_md.o [1]
  .text              ro code  0x08001c80     0x4  startup_stm32f10x_md.o [1]
  .text              ro code  0x08001c84     0x4  startup_stm32f10x_md.o [1]
  .text              ro code  0x08001c88     0x4  startup_stm32f10x_md.o [1]
  .text              ro code  0x08001c8c     0x4  startup_stm32f10x_md.o [1]
  .rodata            const    0x08001c90     0x0  zero_init3.o [4]
  .rodata            const    0x08001c90     0x0  packbits_init_single.o [4]
  Initializer bytes  const    0x08001c90    0x78  <for P2-1>
                            - 0x08001d08  0x1c1c

"P2", part 1 of 3:                          0xd4
  P2-1                        0x20000000    0xd4  <Init block>
    .data            inited   0x20000000    0x2c  mb.o [1]
    .data            inited   0x2000002c    0x80  mb.o [1]
    .data            inited   0x200000ac    0x14  stm32f10x_rcc.o [1]
    .data            inited   0x200000c0    0x14  system_stm32f10x.o [1]
                            - 0x200000d4    0xd4

"P2", part 2 of 3:                        0x1000
  CSTACK                      0x200000d8  0x1000  <Block>
    CSTACK           uninit   0x200000d8  0x1000  <Block tail>
                            - 0x200010d8  0x1000

"P2", part 3 of 3:                         0x150
  .bss               zero     0x200010d8   0x100  mbrtu.o [1]
  .bss               zero     0x200011d8    0x22  mbfuncother.o [1]
  .bss               zero     0x200011fa     0x2  main.o [1]
  .bss               zero     0x200011fc    0x10  main.o [1]
  .bss               zero     0x2000120c     0xc  mbascii.o [1]
  .bss               zero     0x20001218     0xc  mbrtu.o [1]
  .bss               zero     0x20001224     0x2  main.o [1]
  .bss               zero     0x20001226     0x2  portevent.o [1]
                            - 0x20001228   0x150


*******************************************************************************
*** INIT TABLE
***

          Address     Size
          -------     ----
Zero (__iar_zero_init3)
    1 destination range, total size 0x150:
          0x200010d8  0x150

Copy/packbits (__iar_packbits_init_single3)
    1 source range, total size 0x78 (56% of destination):
          0x08001c90   0x78
    1 destination range, total size 0xd4:
          0x20000000   0xd4



*******************************************************************************
*** MODULE SUMMARY
***

    Module                  ro code  ro data  rw data
    ------                  -------  -------  -------
C:\Users\Administrator\Desktop\标准程序收集\自己标准库移植modbus成功\Debug\Obj: [1]
    main.o                      384                20
    mb.o                        412       97      172
    mbascii.o                 1 072                12
    mbcrc.o                     556
    mbfunccoils.o               314
    mbfuncdisc.o                120
    mbfuncholding.o             382
    mbfuncinput.o                96
    mbfuncother.o                32                34
    mbrtu.o                     860               268
    mbutils.o                   248
    misc.o                      124
    portevent.o                  48                 2
    portserial.o                312
    porttimer.o                 264
    startup_stm32f10x_md.o      460
    stm32f10x_gpio.o            186
    stm32f10x_rcc.o             176       11       20
    stm32f10x_tim.o             272
    stm32f10x_usart.o           318
    system_stm32f10x.o          236       12       20
    -------------------------------------------------
    Total:                    6 872      120      548

command line: [2]
    -------------------------------------------------
    Total:

dl7M_tln.a: [3]
    abort.o                       6
    exit.o                        4
    low_level_init.o              4
    -------------------------------------------------
    Total:                       14

rt7M_tl.a: [4]
    ABImemcpy_unaligned.o       118
    cexit.o                      10
    cmain.o                      26
    cstartup_M.o                 12
    data_init.o                  40
    packbits_init_single.o       56
    zero_init3.o                 64
    -------------------------------------------------
    Total:                      326

shb_l.a: [5]
    ABIassert.o                  36
    exit.o                       20
    -------------------------------------------------
    Total:                       56

    Gaps                         12
    Linker created                        32    4 096
-----------------------------------------------------
    Grand Total:              7 280      152    4 644


*******************************************************************************
*** ENTRY LIST
***

Entry                      Address   Size  Type      Object
-----                      -------   ----  ----      ------
.iar.init_table$$Base   0x08001b34          --   Gb  - Linker created -
.iar.init_table$$Limit  0x08001b54          --   Gb  - Linker created -
?main                   0x08001b75         Code  Gb  cmain.o [4]
ADCPrescTable           0x200000bc    0x4  Data  Lc  stm32f10x_rcc.o [1]
AHBPrescTable           0x200000c0   0x10  Data  Gb  system_stm32f10x.o [1]
APBAHBPrescTable        0x200000ac   0x10  Data  Lc  stm32f10x_rcc.o [1]
CSTACK$$Base            0x200000d8          --   Gb  - Linker created -
CSTACK$$Limit           0x200010d8          --   Gb  - Linker created -
GPIO_Init               0x080009a1   0xba  Code  Gb  stm32f10x_gpio.o [1]
NVIC_Init               0x08000a67   0x5c  Code  Gb  misc.o [1]
NVIC_PriorityGroupConfig
                        0x08000a5d    0xa  Code  Gb  misc.o [1]
RCC_APB1PeriphClockCmd  0x08000977   0x12  Code  Gb  stm32f10x_rcc.o [1]
RCC_APB2PeriphClockCmd  0x08000965   0x12  Code  Gb  stm32f10x_rcc.o [1]
RCC_GetClocksFreq       0x080008f1   0x74  Code  Gb  stm32f10x_rcc.o [1]
Region$$Table$$Base     0x08001b34          --   Gb  - Linker created -
Region$$Table$$Limit    0x08001b54          --   Gb  - Linker created -
SystemCoreClock         0x200000d0    0x4  Data  Gb  system_stm32f10x.o [1]
SystemInit              0x08001859   0xd8  Code  Gb  system_stm32f10x.o [1]
TIM4_IRQHandler         0x0800072f   0x22  Code  Gb  porttimer.o [1]
TIM_ARRPreloadConfig    0x08000b8b   0x14  Code  Gb  stm32f10x_tim.o [1]
TIM_ClearITPendingBit   0x08000bb7    0x2  Code  Gb  stm32f10x_tim.o [1]
TIM_Cmd                 0x08000b67   0x14  Code  Gb  stm32f10x_tim.o [1]
TIM_GetITStatus         0x08000ba3   0x14  Code  Gb  stm32f10x_tim.o [1]
TIM_ITConfig            0x08000b7b   0x10  Code  Gb  stm32f10x_tim.o [1]
TIM_SetCounter          0x08000b9f    0x4  Code  Gb  stm32f10x_tim.o [1]
TIM_TimeBaseInit        0x08000ad9   0x8e  Code  Gb  stm32f10x_tim.o [1]
USART1_IRQHandler       0x080005fd   0x46  Code  Gb  portserial.o [1]
USART_ClearITPendingBit
                        0x080008df    0xa  Code  Gb  stm32f10x_usart.o [1]
USART_Cmd               0x0800084d   0x14  Code  Gb  stm32f10x_usart.o [1]
USART_GetITStatus       0x080008a1   0x3e  Code  Gb  stm32f10x_usart.o [1]
USART_ITConfig          0x08000861   0x30  Code  Gb  stm32f10x_usart.o [1]
USART_Init              0x080007b1   0x96  Code  Gb  stm32f10x_usart.o [1]
USART_ReceiveData       0x08000899    0x8  Code  Gb  stm32f10x_usart.o [1]
USART_SendData          0x08000891    0x8  Code  Gb  stm32f10x_usart.o [1]
__aeabi_assert          0x0800078d   0x24  Code  Gb  ABIassert.o [5]
__cmain                 0x08001b75         Code  Gb  cmain.o [4]
__exit                  0x08000bf1   0x14  Code  Gb  exit.o [5]
__iar_data_init3        0x08001b0d   0x28  Code  Gb  data_init.o [4]
__iar_packbits_init_single3
                        0x08001ad3   0x38  Code  Gb  packbits_init_single.o [4]
__iar_program_start     0x08001bb5         Code  Gb  cstartup_M.o [4]
__iar_unaligned___aeabi_memcpy
                        0x080019bd         Code  Gb  ABImemcpy_unaligned.o [4]
__iar_unaligned___aeabi_memcpy4
                        0x080019dd         Code  Gb  ABImemcpy_unaligned.o [4]
__iar_unaligned___aeabi_memcpy8
                        0x080019dd         Code  Gb  ABImemcpy_unaligned.o [4]
__iar_zero_init3        0x08001a93   0x40  Code  Gb  zero_init3.o [4]
__low_level_init        0x08001b8f    0x4  Code  Gb  low_level_init.o [3]
__vector_table          0x08000000         Data  Gb  startup_stm32f10x_md.o [1]
_call_main              0x08001b81         Code  Gb  cmain.o [4]
_exit                   0x08001b99         Code  Gb  cexit.o [4]
_main                   0x08001b8b         Code  Gb  cmain.o [4]
abort                   0x08000be9    0x6  Code  Gb  abort.o [3]
aucCRCHi                0x08000f8c  0x100  Data  Lc  mbcrc.o [1]
aucCRCLo                0x0800108c  0x100  Data  Lc  mbcrc.o [1]
eBytePos                0x2000120e    0x1  Data  Lc  mbascii.o [1]
eMBASCIIInit            0x080000ed   0x2a  Code  Gb  mbascii.o [1]
eMBASCIIReceive         0x08000141   0x5e  Code  Gb  mbascii.o [1]
eMBASCIISend            0x0800019f   0x4e  Code  Gb  mbascii.o [1]
eMBASCIIStart           0x08000117   0x18  Code  Gb  mbascii.o [1]
eMBASCIIStop            0x0800012f   0x12  Code  Gb  mbascii.o [1]
eMBEnable               0x08001215   0x1a  Code  Gb  mb.o [1]
eMBFuncReadCoils        0x0800171f   0x7a  Code  Gb  mbfunccoils.o [1]
eMBFuncReadDiscreteInputs
                        0x08001945   0x78  Code  Gb  mbfuncdisc.o [1]
eMBFuncReadHoldingRegister
                        0x08001623   0x5c  Code  Gb  mbfuncholding.o [1]
eMBFuncReadInputRegister
                        0x08001a33   0x60  Code  Gb  mbfuncinput.o [1]
eMBFuncReadWriteMultipleHoldingRegister
                        0x0800167f   0xa0  Code  Gb  mbfuncholding.o [1]
eMBFuncReportSlaveID    0x08001b55   0x18  Code  Gb  mbfuncother.o [1]
eMBFuncWriteCoil        0x08001799   0x56  Code  Gb  mbfunccoils.o [1]
eMBFuncWriteHoldingRegister
                        0x080015a1   0x32  Code  Gb  mbfuncholding.o [1]
eMBFuncWriteMultipleCoils
                        0x080017ef   0x6a  Code  Gb  mbfunccoils.o [1]
eMBFuncWriteMultipleHoldingRegister
                        0x080015d3   0x50  Code  Gb  mbfuncholding.o [1]
eMBInit                 0x0800118d   0x88  Code  Gb  mb.o [1]
eMBPoll                 0x0800122f   0xba  Code  Gb  mb.o [1]
eMBPoll::ucFunctionCode
                        0x20000003    0x1  Data  Lc  mb.o [1]
eMBPoll::ucMBFrame      0x20000028    0x4  Data  Lc  mb.o [1]
eMBPoll::ucRcvAddress   0x20000002    0x1  Data  Lc  mb.o [1]
eMBPoll::usLength       0x20000004    0x2  Data  Lc  mb.o [1]
eMBRTUInit              0x08000c05   0x34  Code  Gb  mbrtu.o [1]
eMBRTUReceive           0x08000c63   0x54  Code  Gb  mbrtu.o [1]
eMBRTUSend              0x08000cb7   0x60  Code  Gb  mbrtu.o [1]
eMBRTUStart             0x08000c39   0x18  Code  Gb  mbrtu.o [1]
eMBRTUStop              0x08000c51   0x12  Code  Gb  mbrtu.o [1]
eMBRegCoilsCB           0x080013e3   0x6e  Code  Gb  main.o [1]
eMBRegDiscreteCB        0x08001451   0x4a  Code  Gb  main.o [1]
eMBRegHoldingCB         0x08001385   0x5e  Code  Gb  main.o [1]
eMBRegInputCB           0x0800134d   0x38  Code  Gb  main.o [1]
eMBState                0x20000001    0x1  Data  Lc  mb.o [1]
eQueuedEvent            0x20001226    0x1  Data  Lc  portevent.o [1]
eRcvState               0x2000120d    0x1  Data  Lc  mbascii.o [1]
eRcvState               0x20001219    0x1  Data  Lc  mbrtu.o [1]
eSndState               0x2000120c    0x1  Data  Lc  mbascii.o [1]
eSndState               0x20001218    0x1  Data  Lc  mbrtu.o [1]
exit                    0x08001b93    0x4  Code  Gb  exit.o [3]
main                    0x08001329   0x24  Code  Gb  main.o [1]
peMBFrameReceiveCur     0x20000014    0x4  Data  Lc  mb.o [1]
peMBFrameSendCur        0x20000008    0x4  Data  Lc  mb.o [1]
prveMBError2Exception   0x08001517   0x18  Code  Gb  mbutils.o [1]
pucSndBufferCur         0x20001214    0x4  Data  Lc  mbascii.o [1]
pucSndBufferCur         0x20001220    0x4  Data  Lc  mbrtu.o [1]
pvMBFrameCloseCur       0x20000018    0x4  Data  Lc  mb.o [1]
pvMBFrameStartCur       0x2000000c    0x4  Data  Lc  mb.o [1]
pvMBFrameStopCur        0x20000010    0x4  Data  Lc  mb.o [1]
pxMBFrameCBByteReceived
                        0x2000001c    0x4  Data  Gb  mb.o [1]
pxMBFrameCBTransmitterEmpty
                        0x20000020    0x4  Data  Gb  mb.o [1]
pxMBPortCBTimerExpired  0x20000024    0x4  Data  Gb  mb.o [1]
ucMBAddress             0x20000000    0x1  Data  Lc  mb.o [1]
ucMBLFCharacter         0x2000120f    0x1  Data  Lc  mbascii.o [1]
ucMBSlaveID             0x200011d8   0x20  Data  Lc  mbfuncother.o [1]
ucRTUBuf                0x200010d8  0x100  Data  Gb  mbrtu.o [1]
ucRegCoilsBuf           0x200011fa    0x2  Data  Lc  main.o [1]
ucRegDiscBuf            0x20001224    0x2  Data  Lc  main.o [1]
usMBCRC16               0x08000f61   0x2a  Code  Gb  mbcrc.o [1]
usMBSlaveIDLen          0x200011f8    0x2  Data  Lc  mbfuncother.o [1]
usRcvBufferPos          0x20001210    0x2  Data  Lc  mbascii.o [1]
usRcvBufferPos          0x2000121c    0x2  Data  Lc  mbrtu.o [1]
usRegHoldingBuf         0x20001204    0x8  Data  Lc  main.o [1]
usRegInputBuf           0x200011fc    0x8  Data  Lc  main.o [1]
usSndBufferCount        0x20001212    0x2  Data  Lc  mbascii.o [1]
usSndBufferCount        0x2000121a    0x2  Data  Lc  mbrtu.o [1]
vMBPortSerialEnable     0x0800051d   0x2e  Code  Gb  portserial.o [1]
vMBPortTimersDisable    0x08000705   0x2a  Code  Gb  porttimer.o [1]
vMBPortTimersEnable     0x080006db   0x2a  Code  Gb  porttimer.o [1]
xEventInQueue           0x20001227    0x1  Data  Lc  portevent.o [1]
xFuncHandlers           0x2000002c   0x80  Data  Lc  mb.o [1]
xMBASCIIReceiveFSM      0x080001ed   0xe2  Code  Gb  mbascii.o [1]
xMBASCIITimerT1SExpired
                        0x080003d5   0x3a  Code  Gb  mbascii.o [1]
xMBASCIITransmitFSM     0x080002d1  0x104  Code  Gb  mbascii.o [1]
xMBPortEventGet         0x08000773   0x16  Code  Gb  portevent.o [1]
xMBPortEventInit        0x0800075d    0xa  Code  Gb  portevent.o [1]
xMBPortEventPost        0x08000767    0xc  Code  Gb  portevent.o [1]
xMBPortSerialGetByte    0x080005ed   0x10  Code  Gb  portserial.o [1]
xMBPortSerialInit       0x0800054b   0x94  Code  Gb  portserial.o [1]
xMBPortSerialPutByte    0x080005df    0xe  Code  Gb  portserial.o [1]
xMBPortTimersInit       0x08000655   0x86  Code  Gb  porttimer.o [1]
xMBRTUReceiveFSM        0x08000d19   0x6a  Code  Gb  mbrtu.o [1]
xMBRTUTimerT35Expired   0x08000de9   0x4e  Code  Gb  mbrtu.o [1]
xMBRTUTransmitFSM       0x08000d83   0x66  Code  Gb  mbrtu.o [1]
xMBUtilGetBits          0x080014f7   0x20  Code  Gb  mbutils.o [1]
xMBUtilSetBits          0x080014a9   0x4e  Code  Gb  mbutils.o [1]


[1] = C:\Users\Administrator\Desktop\标准程序收集\自己标准库移植modbus成功\Debug\Obj
[2] = command line
[3] = dl7M_tln.a
[4] = rt7M_tl.a
[5] = shb_l.a

  7 280 bytes of readonly  code memory
    152 bytes of readonly  data memory
  4 644 bytes of readwrite data memory

Errors: none
Warnings: none
