ARM Linker, RVCT4.0 [Build 728] [Standard]

==============================================================================

Section Cross References

    stm32f10x.o(STACK) refers (Special) to heapauxi.o(.text) for __use_two_region_memory
    stm32f10x.o(HEAP) refers (Special) to heapauxi.o(.text) for __use_two_region_memory
    stm32f10x.o(RESET) refers (Special) to heapauxi.o(.text) for __use_two_region_memory
    stm32f10x.o(RESET) refers to stm32f10x.o(STACK) for __initial_sp
    stm32f10x.o(RESET) refers to stm32f10x.o(.text) for Reset_Handler
    stm32f10x.o(RESET) refers to wdg.o(.text) for WWDG_IRQHandler
    stm32f10x.o(RESET) refers to rtc.o(.text) for RTC_IRQHandler
    stm32f10x.o(RESET) refers to wkup.o(.text) for EXTI0_IRQHandler
    stm32f10x.o(RESET) refers to timer.o(.text) for TIM3_IRQHandler
    stm32f10x.o(.text) refers (Special) to heapauxi.o(.text) for __use_two_region_memory
    stm32f10x.o(.text) refers to __main.o(!!!main) for __main
    stm32f10x.o(.text) refers to stm32f10x.o(HEAP) for Heap_Mem
    stm32f10x.o(.text) refers to stm32f10x.o(STACK) for Stack_Mem
    test.o(.text) refers to _printf_percent.o(.ARM.Collect$$_printf_percent$$00000000) for _printf_percent
    test.o(.text) refers to _printf_d.o(.ARM.Collect$$_printf_percent$$00000009) for _printf_d
    test.o(.text) refers to _printf_dec.o(.text) for _printf_int_dec
    test.o(.text) refers to sys.o(.text) for Stm32_Clock_Init
    test.o(.text) refers to delay.o(.text) for delay_init
    test.o(.text) refers to usart.o(.text) for uart_init
    test.o(.text) refers to led.o(.text) for LED_Init
    test.o(.text) refers to ili93xx.o(.text) for LCD_Init
    test.o(.text) refers to adc.o(.text) for Adc_Init
    test.o(.text) refers to dma.o(.text) for dma_init
    test.o(.text) refers to timer.o(.text) for TIM2_Pwm
    test.o(.text) refers to noretval__2sprintf.o(.text) for __2sprintf
    test.o(.text) refers to fflt_clz.o(x$fpl$ffltu) for __aeabi_ui2f
    test.o(.text) refers to f2d.o(x$fpl$f2d) for __aeabi_f2d
    test.o(.text) refers to dmul.o(x$fpl$dmul) for __aeabi_dmul
    test.o(.text) refers to d2f.o(x$fpl$d2f) for __aeabi_d2f
    test.o(.text) refers to ffixu.o(x$fpl$ffixu) for __aeabi_f2uiz
    test.o(.text) refers to faddsub_clz.o(x$fpl$frsb) for __aeabi_frsub
    test.o(.text) refers to fmul.o(x$fpl$fmul) for __aeabi_fmul
    test.o(.text) refers to ili93xx.o(.data) for POINT_COLOR
    delay.o(.text) refers to delay.o(.data) for .data
    sys.o(.text) refers to sys.o(.emb_text) for WFI_SET
    usart.o(.text) refers (Special) to use_no_semi_2.o(.text) for __use_no_semihosting
    usart.o(.text) refers to fflt_clz.o(x$fpl$ffltu) for __aeabi_ui2f
    usart.o(.text) refers to fdiv.o(x$fpl$fdiv) for __aeabi_fdiv
    usart.o(.text) refers to ffixu.o(x$fpl$ffixu) for __aeabi_f2uiz
    usart.o(.text) refers to faddsub_clz.o(x$fpl$frsb) for __aeabi_frsub
    usart.o(.text) refers to fmul.o(x$fpl$fmul) for __aeabi_fmul
    usart.o(.data) refers (Special) to use_no_semi_2.o(.text) for __use_no_semihosting
    key.o(.text) refers to sys.o(.text) for JTAG_Set
    key.o(.text) refers to delay.o(.text) for delay_ms
    key.o(.text) refers to key.o(.data) for .data
    wdg.o(.text) refers to sys.o(.text) for MY_NVIC_Init
    wdg.o(.text) refers to wdg.o(.data) for WWDG_CNT
    timer.o(.text) refers to sys.o(.text) for MY_NVIC_Init
    ili93xx.o(.text) refers to _printf_percent.o(.ARM.Collect$$_printf_percent$$00000000) for _printf_percent
    ili93xx.o(.text) refers to _printf_x.o(.ARM.Collect$$_printf_percent$$0000000C) for _printf_x
    ili93xx.o(.text) refers to _printf_hex_int.o(.text) for _printf_longlong_hex
    ili93xx.o(.text) refers to delay.o(.text) for delay_us
    ili93xx.o(.text) refers to ili93xx.o(i.LCD_SetCursor) for LCD_SetCursor
    ili93xx.o(.text) refers to sys.o(.text) for JTAG_Set
    ili93xx.o(.text) refers to noretval__2printf.o(.text) for __2printf
    ili93xx.o(.text) refers to ili93xx.o(.data) for DeviceCode
    ili93xx.o(.text) refers to ili93xx.o(.constdata) for asc2_1206
    rtc.o(.text) refers to delay.o(.text) for delay_ms
    rtc.o(.text) refers to rtc.o(.constdata) for table_week
    rtc.o(.text) refers to rtc.o(.data) for .data
    rtc.o(.text) refers to rtc.o(.bss) for timer
    rtc.o(.text) refers to sys.o(.text) for MY_NVIC_Init
    wkup.o(.text) refers to sys.o(.text) for Sys_Standby
    wkup.o(.text) refers to delay.o(.text) for delay_ms
    dma.o(.text) refers to delay.o(.text) for delay_us
    dma.o(.text) refers to dma.o(.data) for m
    use_no_semi_2.o(.text) refers (Special) to use_no_semi.o(.text) for __use_no_semihosting_swi
    __2printf.o(.text) refers to _printf_char_common.o(.text) for _printf_char_common
    __2printf.o(.text) refers to ferror.o(.text) for ferror
    __2printf.o(.text) refers to usart.o(.data) for __stdout
    __2printf.o(.text) refers to usart.o(.text) for fputc
    __2sprintf.o(.text) refers to _printf_char_common.o(.text) for _printf_char_common
    __2sprintf.o(.text) refers to _sputc.o(.text) for _sputc
    noretval__2printf.o(.text) refers to _printf_char_common.o(.text) for _printf_char_common
    noretval__2printf.o(.text) refers to usart.o(.data) for __stdout
    noretval__2printf.o(.text) refers to usart.o(.text) for fputc
    noretval__2sprintf.o(.text) refers to _printf_char_common.o(.text) for _printf_char_common
    noretval__2sprintf.o(.text) refers to _sputc.o(.text) for _sputc
    __printf.o(.text) refers to _printf_percent.o(.ARM.Collect$$_printf_percent$$00000000) for _printf_percent
    _printf_dec.o(.text) refers to rtudiv10.o(.text) for __rt_udiv10
    _printf_dec.o(.text) refers to _printf_intcommon.o(.text) for _printf_int_common
    _printf_hex_ll.o(.text) refers to _printf_intcommon.o(.text) for _printf_int_common
    _printf_hex_ll.o(.text) refers to _printf_hex_ll.o(.constdata) for .constdata
    _printf_hex_int.o(.text) refers to _printf_intcommon.o(.text) for _printf_int_common
    _printf_hex_int.o(.text) refers to _printf_hex_int.o(.constdata) for .constdata
    _printf_hex_int_ll.o(.text) refers to _printf_intcommon.o(.text) for _printf_int_common
    _printf_hex_int_ll.o(.text) refers to _printf_hex_int_ll.o(.constdata) for .constdata
    _printf_hex_ptr.o(.text) refers to _printf_intcommon.o(.text) for _printf_int_common
    _printf_hex_ptr.o(.text) refers to _printf_hex_ptr.o(.constdata) for .constdata
    _printf_hex_int_ptr.o(.text) refers to _printf_intcommon.o(.text) for _printf_int_common
    _printf_hex_int_ptr.o(.text) refers to _printf_hex_int_ptr.o(.constdata) for .constdata
    _printf_hex_ll_ptr.o(.text) refers to _printf_intcommon.o(.text) for _printf_int_common
    _printf_hex_ll_ptr.o(.text) refers to _printf_hex_ll_ptr.o(.constdata) for .constdata
    _printf_hex_int_ll_ptr.o(.text) refers to _printf_intcommon.o(.text) for _printf_int_common
    _printf_hex_int_ll_ptr.o(.text) refers to _printf_hex_int_ll_ptr.o(.constdata) for .constdata
    __printf_flags.o(.text) refers to _printf_percent.o(.ARM.Collect$$_printf_percent$$00000000) for _printf_percent
    __printf_flags.o(.text) refers to __printf_flags.o(.constdata) for .constdata
    __printf_ss.o(.text) refers to _printf_percent.o(.ARM.Collect$$_printf_percent$$00000000) for _printf_percent
    __printf_flags_ss.o(.text) refers to _printf_percent.o(.ARM.Collect$$_printf_percent$$00000000) for _printf_percent
    __printf_flags_ss.o(.text) refers to __printf_flags_ss.o(.constdata) for .constdata
    __printf_wp.o(.text) refers to _printf_percent.o(.ARM.Collect$$_printf_percent$$00000000) for _printf_percent
    __printf_flags_wp.o(.text) refers to _printf_percent.o(.ARM.Collect$$_printf_percent$$00000000) for _printf_percent
    __printf_flags_wp.o(.text) refers to __printf_flags_wp.o(.constdata) for .constdata
    __printf_ss_wp.o(.text) refers to _printf_percent.o(.ARM.Collect$$_printf_percent$$00000000) for _printf_percent
    __printf_flags_ss_wp.o(.text) refers to _printf_percent.o(.ARM.Collect$$_printf_percent$$00000000) for _printf_percent
    __printf_flags_ss_wp.o(.text) refers to __printf_flags_ss_wp.o(.constdata) for .constdata
    _printf_x.o(.ARM.Collect$$_printf_percent$$0000000C) refers (Weak) to _printf_hex_int.o(.text) for _printf_int_hex
    _printf_d.o(.ARM.Collect$$_printf_percent$$00000009) refers (Weak) to _printf_dec.o(.text) for _printf_int_dec
    _printf_percent.o(.ARM.Collect$$_printf_percent$$00000000) refers (Special) to _printf_percent_end.o(.ARM.Collect$$_printf_percent$$00000017) for _printf_percent_end
    __main.o(!!!main) refers to rtentry.o(.ARM.Collect$$rtentry$$00000000) for __rt_entry
    d2f.o(x$fpl$d2f) refers (Special) to usenofp.o(x$fpl$usenofp) for __I$use$fp
    d2f.o(x$fpl$d2f) refers (Special) to funder.o(x$fpl$funder) for __funder
    d2f.o(x$fpl$d2f) refers to dcheck1.o(x$fpl$dcheck1) for __fpl_dcheck_NaN1
    dmul.o(x$fpl$dmul) refers (Special) to usenofp.o(x$fpl$usenofp) for __I$use$fp
    dmul.o(x$fpl$dmul) refers (Special) to dunder.o(x$fpl$dunder) for __dunder
    dmul.o(x$fpl$dmul) refers to dcheck.o(x$fpl$dcheck) for __fpl_dcheck_NaN2
    f2d.o(x$fpl$f2d) refers (Special) to usenofp.o(x$fpl$usenofp) for __I$use$fp
    f2d.o(x$fpl$f2d) refers (Special) to dflt_clz.o(x$fpl$dflt) for __dflt_normalise
    f2d.o(x$fpl$f2d) refers to fcheck1.o(x$fpl$fcheck1) for __fpl_fcheck_NaN1
    faddsub_clz.o(x$fpl$fadd) refers (Special) to usenofp.o(x$fpl$usenofp) for __I$use$fp
    faddsub_clz.o(x$fpl$fadd) refers (Special) to funder.o(x$fpl$funder) for __funder
    faddsub_clz.o(x$fpl$fadd) refers to faddsub_clz.o(x$fpl$fsub) for _fsub1
    faddsub_clz.o(x$fpl$fadd) refers to fcheck.o(x$fpl$fcheck) for __fpl_fcheck_NaN2
    faddsub_clz.o(x$fpl$frsb) refers (Special) to usenofp.o(x$fpl$usenofp) for __I$use$fp
    faddsub_clz.o(x$fpl$frsb) refers (Special) to funder.o(x$fpl$funder) for __funder
    faddsub_clz.o(x$fpl$frsb) refers to faddsub_clz.o(x$fpl$fadd) for _fadd1
    faddsub_clz.o(x$fpl$frsb) refers to faddsub_clz.o(x$fpl$fsub) for _fsub1
    faddsub_clz.o(x$fpl$fsub) refers (Special) to usenofp.o(x$fpl$usenofp) for __I$use$fp
    faddsub_clz.o(x$fpl$fsub) refers (Special) to funder.o(x$fpl$funder) for __funder
    faddsub_clz.o(x$fpl$fsub) refers to faddsub_clz.o(x$fpl$fadd) for _fadd1
    faddsub_clz.o(x$fpl$fsub) refers to fcheck.o(x$fpl$fcheck) for __fpl_fcheck_NaN2
    fdiv.o(x$fpl$frdiv) refers (Special) to usenofp.o(x$fpl$usenofp) for __I$use$fp
    fdiv.o(x$fpl$frdiv) refers (Special) to fnorm2_clz.o(x$fpl$fnorm2) for __fpl_normalise2
    fdiv.o(x$fpl$frdiv) refers (Special) to funder.o(x$fpl$funder) for __funder
    fdiv.o(x$fpl$frdiv) refers to fdiv.o(x$fpl$fdiv) for _fdiv1
    fdiv.o(x$fpl$fdiv) refers (Special) to usenofp.o(x$fpl$usenofp) for __I$use$fp
    fdiv.o(x$fpl$fdiv) refers (Special) to fnorm2_clz.o(x$fpl$fnorm2) for __fpl_normalise2
    fdiv.o(x$fpl$fdiv) refers (Special) to funder.o(x$fpl$funder) for __funder
    fdiv.o(x$fpl$fdiv) refers to fcheck.o(x$fpl$fcheck) for __fpl_fcheck_NaN2
    ffixu.o(x$fpl$ffixu) refers (Special) to usenofp.o(x$fpl$usenofp) for __I$use$fp
    ffixu.o(x$fpl$ffixu) refers to fcheck1.o(x$fpl$fcheck1) for __fpl_fcheck_NaN1
    ffixu.o(x$fpl$ffixur) refers (Special) to usenofp.o(x$fpl$usenofp) for __I$use$fp
    ffixu.o(x$fpl$ffixur) refers to fcheck1.o(x$fpl$fcheck1) for __fpl_fcheck_NaN1
    fflt_clz.o(x$fpl$ffltu) refers (Special) to usenofp.o(x$fpl$usenofp) for __I$use$fp
    fflt_clz.o(x$fpl$ffltu) refers to fflt_clz.o(x$fpl$fflt) for __fflt_normalise
    fflt_clz.o(x$fpl$fflt) refers (Special) to usenofp.o(x$fpl$usenofp) for __I$use$fp
    fmul.o(x$fpl$fmul) refers (Special) to usenofp.o(x$fpl$usenofp) for __I$use$fp
    fmul.o(x$fpl$fmul) refers (Special) to fnorm2_clz.o(x$fpl$fnorm2) for __fpl_normalise2
    fmul.o(x$fpl$fmul) refers (Special) to funder.o(x$fpl$funder) for __funder
    fmul.o(x$fpl$fmul) refers to fcheck.o(x$fpl$fcheck) for __fpl_fcheck_NaN2
    rtentry.o(.ARM.Collect$$rtentry$$00000000) refers (Special) to rtentry2.o(.ARM.Collect$$rtentry$$0000000A) for __rt_entry_li
    rtentry.o(.ARM.Collect$$rtentry$$00000000) refers (Special) to rtentry2.o(.ARM.Collect$$rtentry$$0000000D) for __rt_entry_main
    rtentry.o(.ARM.Collect$$rtentry$$00000000) refers (Special) to rtentry2.o(.ARM.Collect$$rtentry$$0000000C) for __rt_entry_postli_1
    rtentry.o(.ARM.Collect$$rtentry$$00000000) refers (Special) to rtentry2.o(.ARM.Collect$$rtentry$$00000009) for __rt_entry_postsh_1
    rtentry.o(.ARM.Collect$$rtentry$$00000000) refers (Special) to rtentry2.o(.ARM.Collect$$rtentry$$00000002) for __rt_entry_presh_1
    rtentry.o(.ARM.Collect$$rtentry$$00000000) refers (Special) to rtentry4.o(.ARM.Collect$$rtentry$$00000004) for __rt_entry_sh
    rtentry.o(.ARM.exidx) refers (Special) to rtentry2.o(.ARM.Collect$$rtentry$$0000000A) for __rt_entry_li
    rtentry.o(.ARM.exidx) refers (Special) to rtentry2.o(.ARM.Collect$$rtentry$$0000000D) for __rt_entry_main
    rtentry.o(.ARM.exidx) refers (Special) to rtentry2.o(.ARM.Collect$$rtentry$$0000000C) for __rt_entry_postli_1
    rtentry.o(.ARM.exidx) refers (Special) to rtentry2.o(.ARM.Collect$$rtentry$$00000009) for __rt_entry_postsh_1
    rtentry.o(.ARM.exidx) refers (Special) to rtentry2.o(.ARM.Collect$$rtentry$$00000002) for __rt_entry_presh_1
    rtentry.o(.ARM.exidx) refers (Special) to rtentry4.o(.ARM.Collect$$rtentry$$00000004) for __rt_entry_sh
    rtentry.o(.ARM.exidx) refers to rtentry.o(.ARM.Collect$$rtentry$$00000000) for .ARM.Collect$$rtentry$$00000000
    _printf_char_common.o(.text) refers to __printf.o(.text) for __printf
    dcheck.o(x$fpl$dcheck) refers (Special) to usenofp.o(x$fpl$usenofp) for __I$use$fp
    dcheck.o(x$fpl$dcheck) refers to retnan.o(x$fpl$retnan) for __fpl_return_NaN
    dcheck1.o(x$fpl$dcheck1) refers (Special) to usenofp.o(x$fpl$usenofp) for __I$use$fp
    dcheck1.o(x$fpl$dcheck1) refers to retnan.o(x$fpl$retnan) for __fpl_return_NaN
    dflt_clz.o(x$fpl$dfltu) refers (Special) to usenofp.o(x$fpl$usenofp) for __I$use$fp
    dflt_clz.o(x$fpl$dfltu) refers to dflt_clz.o(x$fpl$dflt) for __dflt_normalise
    dflt_clz.o(x$fpl$dflt) refers (Special) to usenofp.o(x$fpl$usenofp) for __I$use$fp
    dunder.o(x$fpl$dunder) refers (Special) to usenofp.o(x$fpl$usenofp) for __I$use$fp
    fcheck.o(x$fpl$fcheck) refers (Special) to usenofp.o(x$fpl$usenofp) for __I$use$fp
    fcheck.o(x$fpl$fcheck) refers to retnan.o(x$fpl$retnan) for __fpl_return_NaN
    fcheck1.o(x$fpl$fcheck1) refers (Special) to usenofp.o(x$fpl$usenofp) for __I$use$fp
    fcheck1.o(x$fpl$fcheck1) refers to retnan.o(x$fpl$retnan) for __fpl_return_NaN
    fnorm2_clz.o(x$fpl$fnorm2) refers (Special) to usenofp.o(x$fpl$usenofp) for __I$use$fp
    funder.o(x$fpl$funder) refers (Special) to usenofp.o(x$fpl$usenofp) for __I$use$fp
    rtentry2.o(.ARM.Collect$$rtentry$$00000008) refers to boardinit2.o(.text) for _platform_post_stackheap_init
    rtentry2.o(.ARM.Collect$$rtentry$$0000000A) refers to libinit.o(.ARM.Collect$$libinit$$00000000) for __rt_lib_init
    rtentry2.o(.ARM.Collect$$rtentry$$0000000B) refers to boardinit3.o(.text) for _platform_post_lib_init
    rtentry2.o(.ARM.Collect$$rtentry$$0000000D) refers to test.o(.text) for main
    rtentry2.o(.ARM.Collect$$rtentry$$0000000D) refers to exit.o(.text) for exit
    rtentry2.o(.ARM.exidx) refers to rtentry2.o(.ARM.Collect$$rtentry$$00000001) for .ARM.Collect$$rtentry$$00000001
    rtentry2.o(.ARM.exidx) refers to rtentry2.o(.ARM.Collect$$rtentry$$00000002) for .ARM.Collect$$rtentry$$00000002
    rtentry2.o(.ARM.exidx) refers to rtentry2.o(.ARM.Collect$$rtentry$$00000008) for .ARM.Collect$$rtentry$$00000008
    rtentry2.o(.ARM.exidx) refers to rtentry2.o(.ARM.Collect$$rtentry$$00000009) for .ARM.Collect$$rtentry$$00000009
    rtentry2.o(.ARM.exidx) refers to rtentry2.o(.ARM.Collect$$rtentry$$0000000A) for .ARM.Collect$$rtentry$$0000000A
    rtentry2.o(.ARM.exidx) refers to rtentry2.o(.ARM.Collect$$rtentry$$0000000B) for .ARM.Collect$$rtentry$$0000000B
    rtentry2.o(.ARM.exidx) refers to rtentry2.o(.ARM.Collect$$rtentry$$0000000C) for .ARM.Collect$$rtentry$$0000000C
    rtentry2.o(.ARM.exidx) refers to rtentry2.o(.ARM.Collect$$rtentry$$0000000D) for .ARM.Collect$$rtentry$$0000000D
    rtentry4.o(.ARM.Collect$$rtentry$$00000004) refers to sys_stackheap_outer.o(.text) for __user_setup_stackheap
    rtentry4.o(.ARM.exidx) refers to rtentry4.o(.ARM.Collect$$rtentry$$00000004) for .ARM.Collect$$rtentry$$00000004
    retnan.o(x$fpl$retnan) refers (Special) to usenofp.o(x$fpl$usenofp) for __I$use$fp
    retnan.o(x$fpl$retnan) refers to trapv.o(x$fpl$trapveneer) for __fpl_cmpreturn
    sys_stackheap_outer.o(.text) refers to libspace.o(.text) for __user_perproc_libspace
    sys_stackheap_outer.o(.text) refers to stm32f10x.o(.text) for __user_initial_stackheap
    exit.o(.text) refers to rtexit.o(.ARM.Collect$$rtexit$$00000000) for __rt_exit
    libinit.o(.ARM.Collect$$libinit$$00000000) refers (Special) to libinit2.o(.ARM.Collect$$libinit$$0000002A) for __rt_lib_init_alloca_1
    libinit.o(.ARM.Collect$$libinit$$00000000) refers (Special) to libinit2.o(.ARM.Collect$$libinit$$00000028) for __rt_lib_init_argv_1
    libinit.o(.ARM.Collect$$libinit$$00000000) refers (Special) to libinit2.o(.ARM.Collect$$libinit$$00000017) for __rt_lib_init_atexit_1
    libinit.o(.ARM.Collect$$libinit$$00000000) refers (Special) to libinit2.o(.ARM.Collect$$libinit$$0000001D) for __rt_lib_init_clock_1
    libinit.o(.ARM.Collect$$libinit$$00000000) refers (Special) to libinit2.o(.ARM.Collect$$libinit$$0000002E) for __rt_lib_init_cpp_1
    libinit.o(.ARM.Collect$$libinit$$00000000) refers (Special) to libinit2.o(.ARM.Collect$$libinit$$0000002C) for __rt_lib_init_exceptions_1
    libinit.o(.ARM.Collect$$libinit$$00000000) refers (Special) to libinit2.o(.ARM.Collect$$libinit$$0000001B) for __rt_lib_init_fp_trap_1
    libinit.o(.ARM.Collect$$libinit$$00000000) refers (Special) to libinit2.o(.ARM.Collect$$libinit$$0000001F) for __rt_lib_init_getenv_1
    libinit.o(.ARM.Collect$$libinit$$00000000) refers (Special) to libinit2.o(.ARM.Collect$$libinit$$00000006) for __rt_lib_init_heap_1
    libinit.o(.ARM.Collect$$libinit$$00000000) refers (Special) to libinit2.o(.ARM.Collect$$libinit$$0000000D) for __rt_lib_init_lc_collate_1
    libinit.o(.ARM.Collect$$libinit$$00000000) refers (Special) to libinit2.o(.ARM.Collect$$libinit$$0000000F) for __rt_lib_init_lc_ctype_1
    libinit.o(.ARM.Collect$$libinit$$00000000) refers (Special) to libinit2.o(.ARM.Collect$$libinit$$00000011) for __rt_lib_init_lc_monetary_1
    libinit.o(.ARM.Collect$$libinit$$00000000) refers (Special) to libinit2.o(.ARM.Collect$$libinit$$00000013) for __rt_lib_init_lc_numeric_1
    libinit.o(.ARM.Collect$$libinit$$00000000) refers (Special) to libinit2.o(.ARM.Collect$$libinit$$00000015) for __rt_lib_init_lc_time_1
    libinit.o(.ARM.Collect$$libinit$$00000000) refers (Special) to libinit2.o(.ARM.Collect$$libinit$$0000000A) for __rt_lib_init_rand_1
    libinit.o(.ARM.Collect$$libinit$$00000000) refers (Special) to libinit2.o(.ARM.Collect$$libinit$$0000002F) for __rt_lib_init_return
    libinit.o(.ARM.Collect$$libinit$$00000000) refers (Special) to libinit2.o(.ARM.Collect$$libinit$$00000019) for __rt_lib_init_signal_1
    libinit.o(.ARM.Collect$$libinit$$00000000) refers (Special) to libinit2.o(.ARM.Collect$$libinit$$00000021) for __rt_lib_init_stdio_1
    libinit.o(.ARM.Collect$$libinit$$00000000) refers (Special) to libinit2.o(.ARM.Collect$$libinit$$00000008) for __rt_lib_init_user_alloc_1
    libinit.o(.ARM.Collect$$libinit$$00000000) refers to fpinit.o(x$fpl$fpinit) for _fp_init
    trapv.o(x$fpl$trapveneer) refers (Special) to usenofp.o(x$fpl$usenofp) for __I$use$fp
    libspace.o(.text) refers to libspace.o(.bss) for __libspace_start
    rtexit.o(.ARM.Collect$$rtexit$$00000000) refers (Special) to rtexit2.o(.ARM.Collect$$rtexit$$00000004) for __rt_exit_exit
    rtexit.o(.ARM.Collect$$rtexit$$00000000) refers (Special) to rtexit2.o(.ARM.Collect$$rtexit$$00000003) for __rt_exit_ls
    rtexit.o(.ARM.Collect$$rtexit$$00000000) refers (Special) to rtexit2.o(.ARM.Collect$$rtexit$$00000002) for __rt_exit_prels_1
    rtexit.o(.ARM.exidx) refers (Special) to rtexit2.o(.ARM.Collect$$rtexit$$00000004) for __rt_exit_exit
    rtexit.o(.ARM.exidx) refers (Special) to rtexit2.o(.ARM.Collect$$rtexit$$00000003) for __rt_exit_ls
    rtexit.o(.ARM.exidx) refers (Special) to rtexit2.o(.ARM.Collect$$rtexit$$00000002) for __rt_exit_prels_1
    rtexit.o(.ARM.exidx) refers to rtexit.o(.ARM.Collect$$rtexit$$00000000) for .ARM.Collect$$rtexit$$00000000
    libinit2.o(.ARM.Collect$$libinit$$0000000C) refers to libinit2.o(.ARM.Collect$$libinit$$0000000B) for .ARM.Collect$$libinit$$0000000B
    libinit2.o(.ARM.Collect$$libinit$$0000000E) refers to libinit2.o(.ARM.Collect$$libinit$$0000000B) for .ARM.Collect$$libinit$$0000000B
    libinit2.o(.ARM.Collect$$libinit$$00000010) refers to libinit2.o(.ARM.Collect$$libinit$$0000000B) for .ARM.Collect$$libinit$$0000000B
    libinit2.o(.ARM.Collect$$libinit$$00000012) refers to libinit2.o(.ARM.Collect$$libinit$$0000000B) for .ARM.Collect$$libinit$$0000000B
    libinit2.o(.ARM.Collect$$libinit$$00000014) refers to libinit2.o(.ARM.Collect$$libinit$$0000000B) for .ARM.Collect$$libinit$$0000000B
    libinit2.o(.ARM.Collect$$libinit$$00000022) refers to argv_veneer.o(.emb_text) for __ARM_argv_veneer
    libinit2.o(.ARM.Collect$$libinit$$00000023) refers to argv_veneer.o(.emb_text) for __ARM_argv_veneer
    fpinit.o(x$fpl$fpinit) refers to rt_fp_status_addr_intlibspace.o(.text) for __rt_fp_status_addr
    rtexit2.o(.ARM.Collect$$rtexit$$00000003) refers to libshutdown.o(.ARM.Collect$$libshutdown$$00000000) for __rt_lib_shutdown
    rtexit2.o(.ARM.Collect$$rtexit$$00000004) refers to usart.o(.text) for _sys_exit
    rtexit2.o(.ARM.exidx) refers to rtexit2.o(.ARM.Collect$$rtexit$$00000001) for .ARM.Collect$$rtexit$$00000001
    rtexit2.o(.ARM.exidx) refers to rtexit2.o(.ARM.Collect$$rtexit$$00000002) for .ARM.Collect$$rtexit$$00000002
    rtexit2.o(.ARM.exidx) refers to rtexit2.o(.ARM.Collect$$rtexit$$00000003) for .ARM.Collect$$rtexit$$00000003
    rtexit2.o(.ARM.exidx) refers to rtexit2.o(.ARM.Collect$$rtexit$$00000004) for .ARM.Collect$$rtexit$$00000004
    rt_fp_status_addr.o(.text) refers to rt_fp_status_addr.o(.bss) for __rt_fp_status_addr_data
    rt_fp_status_addr_intlibspace.o(.text) refers to libspace.o(.bss) for __libspace_start
    argv_veneer.o(.emb_text) refers to no_argv.o(.text) for __ARM_get_argv
    _get_argv_nomalloc.o(.text) refers (Special) to hrguard.o(.text) for __heap_region$guard
    _get_argv_nomalloc.o(.text) refers to defsig_rtmem_outer.o(.text) for __rt_SIGRTMEM
    _get_argv_nomalloc.o(.text) refers to sys_command.o(.text) for _sys_command_string
    libshutdown.o(.ARM.Collect$$libshutdown$$00000000) refers (Special) to libshutdown2.o(.ARM.Collect$$libshutdown$$00000006) for __rt_lib_shutdown_fp_trap_1
    libshutdown.o(.ARM.Collect$$libshutdown$$00000000) refers (Special) to libshutdown2.o(.ARM.Collect$$libshutdown$$0000000E) for __rt_lib_shutdown_heap_1
    libshutdown.o(.ARM.Collect$$libshutdown$$00000000) refers (Special) to libshutdown2.o(.ARM.Collect$$libshutdown$$0000000F) for __rt_lib_shutdown_return
    libshutdown.o(.ARM.Collect$$libshutdown$$00000000) refers (Special) to libshutdown2.o(.ARM.Collect$$libshutdown$$00000009) for __rt_lib_shutdown_signal_1
    libshutdown.o(.ARM.Collect$$libshutdown$$00000000) refers (Special) to libshutdown2.o(.ARM.Collect$$libshutdown$$00000003) for __rt_lib_shutdown_stdio_1
    libshutdown.o(.ARM.Collect$$libshutdown$$00000000) refers (Special) to libshutdown2.o(.ARM.Collect$$libshutdown$$0000000B) for __rt_lib_shutdown_user_alloc_1
    sys_command.o(.text) refers (Special) to use_no_semi.o(.text) for __I$use$semihosting
    defsig_rtmem_outer.o(.text) refers to defsig_rtmem_inner.o(.text) for __rt_SIGRTMEM_inner
    defsig_rtmem_outer.o(.text) refers to defsig_exit.o(.text) for __sig_exit
    defsig_rtmem_formal.o(.text) refers to rt_raise.o(.text) for __rt_raise
    rt_raise.o(.text) refers to __raise.o(.text) for __raise
    rt_raise.o(.text) refers to usart.o(.text) for _sys_exit
    defsig_exit.o(.text) refers to usart.o(.text) for _sys_exit
    defsig_rtmem_inner.o(.text) refers to defsig_general.o(.text) for __default_signal_display
    __raise.o(.text) refers to defsig.o(CL$$defsig) for __default_signal_handler
    defsig_general.o(.text) refers to sys_wrch.o(.text) for _ttywrch
    sys_wrch.o(.text) refers (Special) to use_no_semi.o(.text) for __I$use$semihosting
    defsig.o(CL$$defsig) refers to defsig_rtmem_inner.o(.text) for __rt_SIGRTMEM_inner
    defsig_abrt_inner.o(.text) refers to defsig_general.o(.text) for __default_signal_display
    defsig_fpe_inner.o(.text) refers to defsig_general.o(.text) for __default_signal_display
    defsig_rtred_inner.o(.text) refers to defsig_general.o(.text) for __default_signal_display
    defsig_stak_inner.o(.text) refers to defsig_general.o(.text) for __default_signal_display
    defsig_pvfn_inner.o(.text) refers to defsig_general.o(.text) for __default_signal_display
    defsig_cppl_inner.o(.text) refers to defsig_general.o(.text) for __default_signal_display
    defsig_segv_inner.o(.text) refers to defsig_general.o(.text) for __default_signal_display
    defsig_other.o(.text) refers to defsig_general.o(.text) for __default_signal_display
    ili93xx.o(i.LCD_SetCursor) refers to ili93xx.o(.text) for LCD_WriteReg
    ili93xx.o(i.LCD_SetCursor) refers to ili93xx.o(.data) for DeviceCode


==============================================================================

Removing Unused input sections from the image.

    Removing key.o(.text), (276 bytes).
    Removing key.o(.data), (1 bytes).

2 unused section(s) (total 277 bytes) removed from the image.

==============================================================================

Image Symbol Table

    Local Symbols

    Symbol Name                              Value     Ov Type        Size  Object(Section)

    ../../angel/boardlib.s                   0x00000000   Number         0  boardshut.o ABSOLUTE
    ../../angel/boardlib.s                   0x00000000   Number         0  boardinit3.o ABSOLUTE
    ../../angel/boardlib.s                   0x00000000   Number         0  boardinit1.o ABSOLUTE
    ../../angel/boardlib.s                   0x00000000   Number         0  boardinit2.o ABSOLUTE
    ../../angel/handlers.s                   0x00000000   Number         0  __scatter_zi.o ABSOLUTE
    ../../angel/handlers.s                   0x00000000   Number         0  __scatter_copy.o ABSOLUTE
    ../../angel/kernel.s                     0x00000000   Number         0  rtexit2.o ABSOLUTE
    ../../angel/kernel.s                     0x00000000   Number         0  rtentry.o ABSOLUTE
    ../../angel/kernel.s                     0x00000000   Number         0  rtexit.o ABSOLUTE
    ../../angel/kernel.s                     0x00000000   Number         0  rtentry2.o ABSOLUTE
    ../../angel/kernel.s                     0x00000000   Number         0  rtentry4.o ABSOLUTE
    ../../angel/rt.s                         0x00000000   Number         0  rt_fp_status_addr.o ABSOLUTE
    ../../angel/rt.s                         0x00000000   Number         0  rt_raise.o ABSOLUTE
    ../../angel/rt.s                         0x00000000   Number         0  rt_fp_status_addr_intlibspace.o ABSOLUTE
    ../../angel/scatter.s                    0x00000000   Number         0  __scatter.o ABSOLUTE
    ../../angel/startup.s                    0x00000000   Number         0  __main.o ABSOLUTE
    ../../angel/sys.s                        0x00000000   Number         0  libspace.o ABSOLUTE
    ../../angel/sys.s                        0x00000000   Number         0  sys_stackheap_outer.o ABSOLUTE
    ../../angel/sys.s                        0x00000000   Number         0  use_no_semi.o ABSOLUTE
    ../../angel/sys.s                        0x00000000   Number         0  use_no_semi_2.o ABSOLUTE
    ../../angel/sysapp.c                     0x00000000   Number         0  sys_wrch.o ABSOLUTE
    ../../angel/sysapp.c                     0x00000000   Number         0  sys_command.o ABSOLUTE
    ../../armsys.c                           0x00000000   Number         0  no_argv.o ABSOLUTE
    ../../armsys.c                           0x00000000   Number         0  _get_argv_nomalloc.o ABSOLUTE
    ../../armsys.c                           0x00000000   Number         0  argv_veneer.o ABSOLUTE
    ../../armsys.c                           0x00000000   Number         0  argv_veneer.o ABSOLUTE
    ../../d2f.s                              0x00000000   Number         0  d2f.o ABSOLUTE
    ../../dcheck.s                           0x00000000   Number         0  dcheck.o ABSOLUTE
    ../../dcheck1.s                          0x00000000   Number         0  dcheck1.o ABSOLUTE
    ../../dflt.s                             0x00000000   Number         0  dflt_clz.o ABSOLUTE
    ../../division_7m.s                      0x00000000   Number         0  rtudiv10.o ABSOLUTE
    ../../dmul.s                             0x00000000   Number         0  dmul.o ABSOLUTE
    ../../dunder.s                           0x00000000   Number         0  dunder.o ABSOLUTE
    ../../f2d.s                              0x00000000   Number         0  f2d.o ABSOLUTE
    ../../faddsub.s                          0x00000000   Number         0  faddsub_clz.o ABSOLUTE
    ../../fcheck.s                           0x00000000   Number         0  fcheck.o ABSOLUTE
    ../../fcheck1.s                          0x00000000   Number         0  fcheck1.o ABSOLUTE
    ../../fdiv.s                             0x00000000   Number         0  fdiv.o ABSOLUTE
    ../../ffixu.s                            0x00000000   Number         0  ffixu.o ABSOLUTE
    ../../fflt.s                             0x00000000   Number         0  fflt_clz.o ABSOLUTE
    ../../fmul.s                             0x00000000   Number         0  fmul.o ABSOLUTE
    ../../fnorm2.s                           0x00000000   Number         0  fnorm2_clz.o ABSOLUTE
    ../../fpinit.s                           0x00000000   Number         0  fpinit.o ABSOLUTE
    ../../funder.s                           0x00000000   Number         0  funder.o ABSOLUTE
    ../../heapalloc.c                        0x00000000   Number         0  hrguard.o ABSOLUTE
    ../../heapaux.c                          0x00000000   Number         0  heapauxi.o ABSOLUTE
    ../../libinit.s                          0x00000000   Number         0  libshutdown2.o ABSOLUTE
    ../../libinit.s                          0x00000000   Number         0  libinit.o ABSOLUTE
    ../../libinit.s                          0x00000000   Number         0  libshutdown.o ABSOLUTE
    ../../libinit.s                          0x00000000   Number         0  libinit2.o ABSOLUTE
    ../../printf.c                           0x00000000   Number         0  _printf_intcommon.o ABSOLUTE
    ../../printf.c                           0x00000000   Number         0  _printf_char_common.o ABSOLUTE
    ../../printf.c                           0x00000000   Number         0  __printf_ss.o ABSOLUTE
    ../../printf.c                           0x00000000   Number         0  _printf_dec.o ABSOLUTE
    ../../printf.c                           0x00000000   Number         0  __2printf.o ABSOLUTE
    ../../printf.c                           0x00000000   Number         0  __2sprintf.o ABSOLUTE
    ../../printf.c                           0x00000000   Number         0  noretval__2printf.o ABSOLUTE
    ../../printf.c                           0x00000000   Number         0  noretval__2sprintf.o ABSOLUTE
    ../../printf.c                           0x00000000   Number         0  __printf.o ABSOLUTE
    ../../printf.c                           0x00000000   Number         0  _sputc.o ABSOLUTE
    ../../printf.c                           0x00000000   Number         0  _printf_hex_ll.o ABSOLUTE
    ../../printf.c                           0x00000000   Number         0  _printf_hex_int.o ABSOLUTE
    ../../printf.c                           0x00000000   Number         0  _printf_hex_int_ll.o ABSOLUTE
    ../../printf.c                           0x00000000   Number         0  _printf_hex_ptr.o ABSOLUTE
    ../../printf.c                           0x00000000   Number         0  _printf_hex_int_ptr.o ABSOLUTE
    ../../printf.c                           0x00000000   Number         0  _printf_hex_ll_ptr.o ABSOLUTE
    ../../printf.c                           0x00000000   Number         0  _printf_hex_int_ll_ptr.o ABSOLUTE
    ../../printf.c                           0x00000000   Number         0  __printf_flags.o ABSOLUTE
    ../../printf.c                           0x00000000   Number         0  __printf_flags_ss.o ABSOLUTE
    ../../printf.c                           0x00000000   Number         0  __printf_wp.o ABSOLUTE
    ../../printf.c                           0x00000000   Number         0  __printf_flags_wp.o ABSOLUTE
    ../../printf.c                           0x00000000   Number         0  __printf_ss_wp.o ABSOLUTE
    ../../printf.c                           0x00000000   Number         0  __printf_flags_ss_wp.o ABSOLUTE
    ../../printf.c                           0x00000000   Number         0  __printf_nopercent.o ABSOLUTE
    ../../printf_percent.s                   0x00000000   Number         0  _printf_x.o ABSOLUTE
    ../../printf_percent.s                   0x00000000   Number         0  _printf_percent_end.o ABSOLUTE
    ../../printf_percent.s                   0x00000000   Number         0  _printf_percent.o ABSOLUTE
    ../../printf_percent.s                   0x00000000   Number         0  _printf_d.o ABSOLUTE
    ../../retnan.s                           0x00000000   Number         0  retnan.o ABSOLUTE
    ../../signal.c                           0x00000000   Number         0  defsig_cppl_inner.o ABSOLUTE
    ../../signal.c                           0x00000000   Number         0  defsig_rtmem_outer.o ABSOLUTE
    ../../signal.c                           0x00000000   Number         0  defsig_segv_inner.o ABSOLUTE
    ../../signal.c                           0x00000000   Number         0  defsig_stak_inner.o ABSOLUTE
    ../../signal.c                           0x00000000   Number         0  defsig_other.o ABSOLUTE
    ../../signal.c                           0x00000000   Number         0  defsig_rtmem_formal.o ABSOLUTE
    ../../signal.c                           0x00000000   Number         0  defsig_exit.o ABSOLUTE
    ../../signal.c                           0x00000000   Number         0  defsig_fpe_inner.o ABSOLUTE
    ../../signal.c                           0x00000000   Number         0  defsig_abrt_inner.o ABSOLUTE
    ../../signal.c                           0x00000000   Number         0  defsig_rtmem_inner.o ABSOLUTE
    ../../signal.c                           0x00000000   Number         0  defsig_rtred_inner.o ABSOLUTE
    ../../signal.c                           0x00000000   Number         0  defsig_pvfn_inner.o ABSOLUTE
    ../../signal.c                           0x00000000   Number         0  __raise.o ABSOLUTE
    ../../signal.c                           0x00000000   Number         0  defsig_general.o ABSOLUTE
    ../../signal.s                           0x00000000   Number         0  defsig.o ABSOLUTE
    ../../stdio.c                            0x00000000   Number         0  ferror.o ABSOLUTE
    ../../stdio.c                            0x00000000   Number         0  ferror_locked.o ABSOLUTE
    ../../stdlib.c                           0x00000000   Number         0  exit.o ABSOLUTE
    ../../trapv.s                            0x00000000   Number         0  trapv.o ABSOLUTE
    ../../usenofp.s                          0x00000000   Number         0  usenofp.o ABSOLUTE
    ..\HARDWARE\ADC\adc.c                    0x00000000   Number         0  adc.o ABSOLUTE
    ..\HARDWARE\DMA\dma.c                    0x00000000   Number         0  dma.o ABSOLUTE
    ..\HARDWARE\KEY\key.c                    0x00000000   Number         0  key.o ABSOLUTE
    ..\HARDWARE\LCD\ILI93xx.c                0x00000000   Number         0  ili93xx.o ABSOLUTE
    ..\HARDWARE\LED\led.c                    0x00000000   Number         0  led.o ABSOLUTE
    ..\HARDWARE\RTC\rtc.c                    0x00000000   Number         0  rtc.o ABSOLUTE
    ..\HARDWARE\TIMER\timer.c                0x00000000   Number         0  timer.o ABSOLUTE
    ..\HARDWARE\WDG\wdg.c                    0x00000000   Number         0  wdg.o ABSOLUTE
    ..\HARDWARE\WKUP\wkup.c                  0x00000000   Number         0  wkup.o ABSOLUTE
    ..\SYSTEM\delay\delay.c                  0x00000000   Number         0  delay.o ABSOLUTE
    ..\SYSTEM\sys\sys.c                      0x00000000   Number         0  sys.o ABSOLUTE
    ..\SYSTEM\usart\usart.c                  0x00000000   Number         0  usart.o ABSOLUTE
    ..\\SYSTEM\\sys\\sys.c                   0x00000000   Number         0  sys.o ABSOLUTE
    STM32F10x.s                              0x00000000   Number         0  stm32f10x.o ABSOLUTE
    dc.s                                     0x00000000   Number         0  dc.o ABSOLUTE
    test.c                                   0x00000000   Number         0  test.o ABSOLUTE
    RESET                                    0x08000000   Section      236  stm32f10x.o(RESET)
    !!!main                                  0x080000ec   Section        8  __main.o(!!!main)
    !!!scatter                               0x080000f4   Section       52  __scatter.o(!!!scatter)
    !!handler_copy                           0x08000128   Section       26  __scatter_copy.o(!!handler_copy)
    !!handler_zi                             0x08000144   Section       28  __scatter_zi.o(!!handler_zi)
    .ARM.Collect$$_printf_percent$$00000000  0x08000160   Section        0  _printf_percent.o(.ARM.Collect$$_printf_percent$$00000000)
    .ARM.Collect$$_printf_percent$$00000009  0x08000160   Section        6  _printf_d.o(.ARM.Collect$$_printf_percent$$00000009)
    .ARM.Collect$$_printf_percent$$0000000C  0x08000166   Section        6  _printf_x.o(.ARM.Collect$$_printf_percent$$0000000C)
    .ARM.Collect$$_printf_percent$$00000017  0x0800016c   Section        4  _printf_percent_end.o(.ARM.Collect$$_printf_percent$$00000017)
    .ARM.Collect$$libinit$$00000000          0x08000170   Section        6  libinit.o(.ARM.Collect$$libinit$$00000000)
    .ARM.Collect$$libinit$$00000006          0x08000176   Section        0  libinit2.o(.ARM.Collect$$libinit$$00000006)
    .ARM.Collect$$libinit$$00000008          0x08000176   Section        0  libinit2.o(.ARM.Collect$$libinit$$00000008)
    .ARM.Collect$$libinit$$0000000A          0x08000176   Section        0  libinit2.o(.ARM.Collect$$libinit$$0000000A)
    .ARM.Collect$$libinit$$0000000D          0x08000176   Section        0  libinit2.o(.ARM.Collect$$libinit$$0000000D)
    .ARM.Collect$$libinit$$0000000F          0x08000176   Section        0  libinit2.o(.ARM.Collect$$libinit$$0000000F)
    .ARM.Collect$$libinit$$00000011          0x08000176   Section        0  libinit2.o(.ARM.Collect$$libinit$$00000011)
    .ARM.Collect$$libinit$$00000013          0x08000176   Section        0  libinit2.o(.ARM.Collect$$libinit$$00000013)
    .ARM.Collect$$libinit$$00000015          0x08000176   Section        0  libinit2.o(.ARM.Collect$$libinit$$00000015)
    .ARM.Collect$$libinit$$00000017          0x08000176   Section        0  libinit2.o(.ARM.Collect$$libinit$$00000017)
    .ARM.Collect$$libinit$$00000019          0x08000176   Section        0  libinit2.o(.ARM.Collect$$libinit$$00000019)
    .ARM.Collect$$libinit$$0000001B          0x08000176   Section        0  libinit2.o(.ARM.Collect$$libinit$$0000001B)
    .ARM.Collect$$libinit$$0000001D          0x08000176   Section        0  libinit2.o(.ARM.Collect$$libinit$$0000001D)
    .ARM.Collect$$libinit$$0000001F          0x08000176   Section        0  libinit2.o(.ARM.Collect$$libinit$$0000001F)
    .ARM.Collect$$libinit$$00000021          0x08000176   Section        0  libinit2.o(.ARM.Collect$$libinit$$00000021)
    .ARM.Collect$$libinit$$00000028          0x08000176   Section        0  libinit2.o(.ARM.Collect$$libinit$$00000028)
    .ARM.Collect$$libinit$$0000002A          0x08000176   Section        0  libinit2.o(.ARM.Collect$$libinit$$0000002A)
    .ARM.Collect$$libinit$$0000002C          0x08000176   Section        0  libinit2.o(.ARM.Collect$$libinit$$0000002C)
    .ARM.Collect$$libinit$$0000002E          0x08000176   Section        0  libinit2.o(.ARM.Collect$$libinit$$0000002E)
    .ARM.Collect$$libinit$$0000002F          0x08000176   Section        2  libinit2.o(.ARM.Collect$$libinit$$0000002F)
    .ARM.Collect$$libshutdown$$00000000      0x08000178   Section        2  libshutdown.o(.ARM.Collect$$libshutdown$$00000000)
    .ARM.Collect$$libshutdown$$00000003      0x0800017a   Section        0  libshutdown2.o(.ARM.Collect$$libshutdown$$00000003)
    .ARM.Collect$$libshutdown$$00000006      0x0800017a   Section        0  libshutdown2.o(.ARM.Collect$$libshutdown$$00000006)
    .ARM.Collect$$libshutdown$$00000009      0x0800017a   Section        0  libshutdown2.o(.ARM.Collect$$libshutdown$$00000009)
    .ARM.Collect$$libshutdown$$0000000B      0x0800017a   Section        0  libshutdown2.o(.ARM.Collect$$libshutdown$$0000000B)
    .ARM.Collect$$libshutdown$$0000000E      0x0800017a   Section        0  libshutdown2.o(.ARM.Collect$$libshutdown$$0000000E)
    .ARM.Collect$$libshutdown$$0000000F      0x0800017a   Section        2  libshutdown2.o(.ARM.Collect$$libshutdown$$0000000F)
    .ARM.Collect$$rtentry$$00000000          0x0800017c   Section        0  rtentry.o(.ARM.Collect$$rtentry$$00000000)
    .ARM.Collect$$rtentry$$00000002          0x0800017c   Section        0  rtentry2.o(.ARM.Collect$$rtentry$$00000002)
    .ARM.Collect$$rtentry$$00000004          0x0800017c   Section        6  rtentry4.o(.ARM.Collect$$rtentry$$00000004)
    .ARM.Collect$$rtentry$$00000009          0x08000182   Section        0  rtentry2.o(.ARM.Collect$$rtentry$$00000009)
    .ARM.Collect$$rtentry$$0000000A          0x08000182   Section        4  rtentry2.o(.ARM.Collect$$rtentry$$0000000A)
    .ARM.Collect$$rtentry$$0000000C          0x08000186   Section        0  rtentry2.o(.ARM.Collect$$rtentry$$0000000C)
    .ARM.Collect$$rtentry$$0000000D          0x08000186   Section        8  rtentry2.o(.ARM.Collect$$rtentry$$0000000D)
    .ARM.Collect$$rtexit$$00000000           0x0800018e   Section        2  rtexit.o(.ARM.Collect$$rtexit$$00000000)
    .ARM.Collect$$rtexit$$00000002           0x08000190   Section        0  rtexit2.o(.ARM.Collect$$rtexit$$00000002)
    .ARM.Collect$$rtexit$$00000003           0x08000190   Section        4  rtexit2.o(.ARM.Collect$$rtexit$$00000003)
    .ARM.Collect$$rtexit$$00000004           0x08000194   Section        6  rtexit2.o(.ARM.Collect$$rtexit$$00000004)
    .emb_text                                0x0800019c   Section        2  sys.o(.emb_text)
    .text                                    0x080001a0   Section       52  stm32f10x.o(.text)
    .text                                    0x080001d4   Section        0  test.o(.text)
    .text                                    0x08000384   Section        0  delay.o(.text)
    .text                                    0x08000420   Section        0  sys.o(.text)
    .text                                    0x08000728   Section        0  usart.o(.text)
    .text                                    0x08000818   Section        0  led.o(.text)
    .text                                    0x08000898   Section        0  wdg.o(.text)
    .text                                    0x080009b8   Section        0  timer.o(.text)
    .text                                    0x08000bc0   Section        0  ili93xx.o(.text)
    .text                                    0x080021c0   Section        0  rtc.o(.text)
    .text                                    0x08002770   Section        0  wkup.o(.text)
    .text                                    0x08002854   Section        0  adc.o(.text)
    .text                                    0x08002a0c   Section        0  dma.o(.text)
    .text                                    0x08002a94   Section        2  use_no_semi_2.o(.text)
    .text                                    0x08002a98   Section        0  noretval__2printf.o(.text)
    .text                                    0x08002ab8   Section        0  noretval__2sprintf.o(.text)
    .text                                    0x08002ae0   Section        0  __printf.o(.text)
    .text                                    0x08002b50   Section        0  _printf_dec.o(.text)
    .text                                    0x08002bc4   Section        0  _printf_hex_int.o(.text)
    .text                                    0x08002c20   Section        0  heapauxi.o(.text)
    .text                                    0x08002c26   Section        2  use_no_semi.o(.text)
    .text                                    0x08002c28   Section        0  _printf_intcommon.o(.text)
    .text                                    0x08002cdc   Section        0  _printf_char_common.o(.text)
    _printf_input_char                       0x08002cdd   Thumb Code    10  _printf_char_common.o(.text)
    .text                                    0x08002d0c   Section        0  _sputc.o(.text)
    .text                                    0x08002d16   Section       16  rtudiv10.o(.text)
    .text                                    0x08002d26   Section       74  sys_stackheap_outer.o(.text)
    .text                                    0x08002d70   Section        0  exit.o(.text)
    .text                                    0x08002d7c   Section        8  libspace.o(.text)
    .text                                    0x08002d84   Section       12  rt_fp_status_addr_intlibspace.o(.text)
    i.LCD_SetCursor                          0x08002d90   Section        0  ili93xx.o(i.LCD_SetCursor)
    x$fpl$d2f                                0x08002dcc   Section      148  d2f.o(x$fpl$d2f)
    x$fpl$dcheck                             0x08002e60   Section       16  dcheck.o(x$fpl$dcheck)
    x$fpl$dcheck1                            0x08002e70   Section       16  dcheck1.o(x$fpl$dcheck1)
    x$fpl$dflt                               0x08002e80   Section       44  dflt_clz.o(x$fpl$dflt)
    x$fpl$dmul                               0x08002eac   Section      456  dmul.o(x$fpl$dmul)
    x$fpl$dunder                             0x08003074   Section      236  dunder.o(x$fpl$dunder)
    x$fpl$f2d                                0x08003160   Section       80  f2d.o(x$fpl$f2d)
    x$fpl$fadd                               0x080031b0   Section      256  faddsub_clz.o(x$fpl$fadd)
    _fadd1                                   0x080031bf   Thumb Code     0  faddsub_clz.o(x$fpl$fadd)
    x$fpl$fcheck                             0x080032b0   Section       12  fcheck.o(x$fpl$fcheck)
    x$fpl$fcheck1                            0x080032bc   Section       12  fcheck1.o(x$fpl$fcheck1)
    x$fpl$fdiv                               0x080032c8   Section      484  fdiv.o(x$fpl$fdiv)
    _fdiv1                                   0x080032c9   Thumb Code     0  fdiv.o(x$fpl$fdiv)
    x$fpl$ffixu                              0x080034ac   Section       88  ffixu.o(x$fpl$ffixu)
    x$fpl$fflt                               0x08003504   Section       50  fflt_clz.o(x$fpl$fflt)
    x$fpl$ffltu                              0x08003536   Section        8  fflt_clz.o(x$fpl$ffltu)
    x$fpl$fmul                               0x08003540   Section      264  fmul.o(x$fpl$fmul)
    x$fpl$fnorm2                             0x08003648   Section       74  fnorm2_clz.o(x$fpl$fnorm2)
    x$fpl$fpinit                             0x08003692   Section       14  fpinit.o(x$fpl$fpinit)
    x$fpl$frsb                               0x080036a0   Section       20  faddsub_clz.o(x$fpl$frsb)
    x$fpl$fsub                               0x080036b4   Section      292  faddsub_clz.o(x$fpl$fsub)
    _fsub1                                   0x080036c3   Thumb Code     0  faddsub_clz.o(x$fpl$fsub)
    x$fpl$funder                             0x080037d8   Section      134  funder.o(x$fpl$funder)
    x$fpl$retnan                             0x0800385e   Section      100  retnan.o(x$fpl$retnan)
    x$fpl$trapveneer                         0x080038c2   Section       48  trapv.o(x$fpl$trapveneer)
    .constdata                               0x080038f2   Section     2660  ili93xx.o(.constdata)
    x$fpl$usenofp                            0x080038f2   Section        0  usenofp.o(x$fpl$usenofp)
    .constdata                               0x08004356   Section       60  rtc.o(.constdata)
    .constdata                               0x08004392   Section       40  _printf_hex_int.o(.constdata)
    uc_hextab                                0x08004392   Data          20  _printf_hex_int.o(.constdata)
    lc_hextab                                0x080043a6   Data          20  _printf_hex_int.o(.constdata)
    .data                                    0x20000000   Section        4  delay.o(.data)
    fac_us                                   0x20000000   Data           1  delay.o(.data)
    fac_ms                                   0x20000002   Data           2  delay.o(.data)
    .data                                    0x20000004   Section        4  usart.o(.data)
    .data                                    0x20000008   Section        1  wdg.o(.data)
    .data                                    0x2000000a   Section        6  ili93xx.o(.data)
    .data                                    0x20000010   Section       12  rtc.o(.data)
    daycnt                                   0x20000010   Data           2  rtc.o(.data)
    .data                                    0x2000001c   Section        2  dma.o(.data)
    .bss                                     0x20000020   Section       10  rtc.o(.bss)
    .bss                                     0x2000002c   Section       96  libspace.o(.bss)
    HEAP                                     0x20000090   Section        0  stm32f10x.o(HEAP)
    STACK                                    0x20000090   Section      512  stm32f10x.o(STACK)
    Heap_Mem                                 0x20000090   Data           0  stm32f10x.o(HEAP)
    Stack_Mem                                0x20000090   Data         512  stm32f10x.o(STACK)
    __initial_sp                             0x20000290   Data           0  stm32f10x.o(STACK)

    Global Symbols

    Symbol Name                              Value     Ov Type        Size  Object(Section)

    BuildAttributes$$THM_ISAv4$P$D$K$B$S$PE$A:L22UL41UL21$X:L11$S22US41US21$IEEE1$IW$USESV6$~STKCKD$USESV7$~SHL$OSPACE$ROPI$EBA8$UX$STANDARDLIB$REQ8$PRES8$EABIv2 0x00000000   Number         0  anon$$obj.o ABSOLUTE
    __ARM_use_no_argv                        0x00000000   Number         0  test.o ABSOLUTE
    __ARM_exceptions_init                     - Undefined Weak Reference
    __alloca_initialize                       - Undefined Weak Reference
    __cpp_initialize__aeabi_                  - Undefined Weak Reference
    __cxa_finalize                            - Undefined Weak Reference
    __fpl_infinity                            - Undefined Weak Reference
    __rt_locale                               - Undefined Weak Reference
    __sigvec_lookup                           - Undefined Weak Reference
    _atexit_init                              - Undefined Weak Reference
    _call_atexit_fns                          - Undefined Weak Reference
    _clock_init                               - Undefined Weak Reference
    _fp_trap_init                             - Undefined Weak Reference
    _fp_trap_shutdown                         - Undefined Weak Reference
    _get_lc_collate                           - Undefined Weak Reference
    _get_lc_ctype                             - Undefined Weak Reference
    _get_lc_monetary                          - Undefined Weak Reference
    _get_lc_numeric                           - Undefined Weak Reference
    _get_lc_time                              - Undefined Weak Reference
    _getenv_init                              - Undefined Weak Reference
    _handle_redirection                       - Undefined Weak Reference
    _init_alloc                               - Undefined Weak Reference
    _init_user_alloc                          - Undefined Weak Reference
    _initio                                   - Undefined Weak Reference
    _mutex_acquire                            - Undefined Weak Reference
    _mutex_release                            - Undefined Weak Reference
    _printf_post_padding                      - Undefined Weak Reference
    _printf_pre_padding                       - Undefined Weak Reference
    _printf_truncate_signed                   - Undefined Weak Reference
    _printf_truncate_unsigned                 - Undefined Weak Reference
    _rand_init                                - Undefined Weak Reference
    _signal_finish                            - Undefined Weak Reference
    _signal_init                              - Undefined Weak Reference
    _terminate_alloc                          - Undefined Weak Reference
    _terminate_user_alloc                     - Undefined Weak Reference
    _terminateio                              - Undefined Weak Reference
    __Vectors                                0x08000000   Data           4  stm32f10x.o(RESET)
    __main                                   0x080000ed   Thumb Code     8  __main.o(!!!main)
    __scatterload                            0x080000f5   Thumb Code     0  __scatter.o(!!!scatter)
    __scatterload_rt2                        0x080000f5   Thumb Code    44  __scatter.o(!!!scatter)
    __scatterload_rt2_thumb_only             0x080000f5   Thumb Code     0  __scatter.o(!!!scatter)
    __scatterload_null                       0x08000103   Thumb Code     0  __scatter.o(!!!scatter)
    __scatterload_copy                       0x08000129   Thumb Code    26  __scatter_copy.o(!!handler_copy)
    __scatterload_zeroinit                   0x08000145   Thumb Code    28  __scatter_zi.o(!!handler_zi)
    _printf_d                                0x08000161   Thumb Code     0  _printf_d.o(.ARM.Collect$$_printf_percent$$00000009)
    _printf_percent                          0x08000161   Thumb Code     0  _printf_percent.o(.ARM.Collect$$_printf_percent$$00000000)
    _printf_x                                0x08000167   Thumb Code     0  _printf_x.o(.ARM.Collect$$_printf_percent$$0000000C)
    _printf_percent_end                      0x0800016d   Thumb Code     0  _printf_percent_end.o(.ARM.Collect$$_printf_percent$$00000017)
    __rt_lib_init                            0x08000171   Thumb Code     0  libinit.o(.ARM.Collect$$libinit$$00000000)
    __rt_lib_init_alloca_1                   0x08000177   Thumb Code     0  libinit2.o(.ARM.Collect$$libinit$$0000002A)
    __rt_lib_init_argv_1                     0x08000177   Thumb Code     0  libinit2.o(.ARM.Collect$$libinit$$00000028)
    __rt_lib_init_atexit_1                   0x08000177   Thumb Code     0  libinit2.o(.ARM.Collect$$libinit$$00000017)
    __rt_lib_init_clock_1                    0x08000177   Thumb Code     0  libinit2.o(.ARM.Collect$$libinit$$0000001D)
    __rt_lib_init_cpp_1                      0x08000177   Thumb Code     0  libinit2.o(.ARM.Collect$$libinit$$0000002E)
    __rt_lib_init_exceptions_1               0x08000177   Thumb Code     0  libinit2.o(.ARM.Collect$$libinit$$0000002C)
    __rt_lib_init_fp_trap_1                  0x08000177   Thumb Code     0  libinit2.o(.ARM.Collect$$libinit$$0000001B)
    __rt_lib_init_getenv_1                   0x08000177   Thumb Code     0  libinit2.o(.ARM.Collect$$libinit$$0000001F)
    __rt_lib_init_heap_1                     0x08000177   Thumb Code     0  libinit2.o(.ARM.Collect$$libinit$$00000006)
    __rt_lib_init_lc_collate_1               0x08000177   Thumb Code     0  libinit2.o(.ARM.Collect$$libinit$$0000000D)
    __rt_lib_init_lc_ctype_1                 0x08000177   Thumb Code     0  libinit2.o(.ARM.Collect$$libinit$$0000000F)
    __rt_lib_init_lc_monetary_1              0x08000177   Thumb Code     0  libinit2.o(.ARM.Collect$$libinit$$00000011)
    __rt_lib_init_lc_numeric_1               0x08000177   Thumb Code     0  libinit2.o(.ARM.Collect$$libinit$$00000013)
    __rt_lib_init_lc_time_1                  0x08000177   Thumb Code     0  libinit2.o(.ARM.Collect$$libinit$$00000015)
    __rt_lib_init_rand_1                     0x08000177   Thumb Code     0  libinit2.o(.ARM.Collect$$libinit$$0000000A)
    __rt_lib_init_return                     0x08000177   Thumb Code     0  libinit2.o(.ARM.Collect$$libinit$$0000002F)
    __rt_lib_init_signal_1                   0x08000177   Thumb Code     0  libinit2.o(.ARM.Collect$$libinit$$00000019)
    __rt_lib_init_stdio_1                    0x08000177   Thumb Code     0  libinit2.o(.ARM.Collect$$libinit$$00000021)
    __rt_lib_init_user_alloc_1               0x08000177   Thumb Code     0  libinit2.o(.ARM.Collect$$libinit$$00000008)
    __rt_lib_shutdown                        0x08000179   Thumb Code     0  libshutdown.o(.ARM.Collect$$libshutdown$$00000000)
    __rt_lib_shutdown_fp_trap_1              0x0800017b   Thumb Code     0  libshutdown2.o(.ARM.Collect$$libshutdown$$00000006)
    __rt_lib_shutdown_heap_1                 0x0800017b   Thumb Code     0  libshutdown2.o(.ARM.Collect$$libshutdown$$0000000E)
    __rt_lib_shutdown_return                 0x0800017b   Thumb Code     0  libshutdown2.o(.ARM.Collect$$libshutdown$$0000000F)
    __rt_lib_shutdown_signal_1               0x0800017b   Thumb Code     0  libshutdown2.o(.ARM.Collect$$libshutdown$$00000009)
    __rt_lib_shutdown_stdio_1                0x0800017b   Thumb Code     0  libshutdown2.o(.ARM.Collect$$libshutdown$$00000003)
    __rt_lib_shutdown_user_alloc_1           0x0800017b   Thumb Code     0  libshutdown2.o(.ARM.Collect$$libshutdown$$0000000B)
    __rt_entry                               0x0800017d   Thumb Code     0  rtentry.o(.ARM.Collect$$rtentry$$00000000)
    __rt_entry_presh_1                       0x0800017d   Thumb Code     0  rtentry2.o(.ARM.Collect$$rtentry$$00000002)
    __rt_entry_sh                            0x0800017d   Thumb Code     0  rtentry4.o(.ARM.Collect$$rtentry$$00000004)
    __rt_entry_li                            0x08000183   Thumb Code     0  rtentry2.o(.ARM.Collect$$rtentry$$0000000A)
    __rt_entry_postsh_1                      0x08000183   Thumb Code     0  rtentry2.o(.ARM.Collect$$rtentry$$00000009)
    __rt_entry_main                          0x08000187   Thumb Code     0  rtentry2.o(.ARM.Collect$$rtentry$$0000000D)
    __rt_entry_postli_1                      0x08000187   Thumb Code     0  rtentry2.o(.ARM.Collect$$rtentry$$0000000C)
    __rt_exit                                0x0800018f   Thumb Code     0  rtexit.o(.ARM.Collect$$rtexit$$00000000)
    __rt_exit_ls                             0x08000191   Thumb Code     0  rtexit2.o(.ARM.Collect$$rtexit$$00000003)
    __rt_exit_prels_1                        0x08000191   Thumb Code     0  rtexit2.o(.ARM.Collect$$rtexit$$00000002)
    __rt_exit_exit                           0x08000195   Thumb Code     0  rtexit2.o(.ARM.Collect$$rtexit$$00000004)
    WFI_SET                                  0x0800019d   Thumb Code     2  sys.o(.emb_text)
    Reset_Handler                            0x080001a1   Thumb Code     4  stm32f10x.o(.text)
    NMI_Handler                              0x080001a5   Thumb Code     2  stm32f10x.o(.text)
    HardFault_Handler                        0x080001a7   Thumb Code     2  stm32f10x.o(.text)
    MemManage_Handler                        0x080001a9   Thumb Code     2  stm32f10x.o(.text)
    BusFault_Handler                         0x080001ab   Thumb Code     2  stm32f10x.o(.text)
    UsageFault_Handler                       0x080001ad   Thumb Code     2  stm32f10x.o(.text)
    SVC_Handler                              0x080001af   Thumb Code     2  stm32f10x.o(.text)
    DebugMon_Handler                         0x080001b1   Thumb Code     2  stm32f10x.o(.text)
    PendSV_Handler                           0x080001b3   Thumb Code     2  stm32f10x.o(.text)
    SysTick_Handler                          0x080001b5   Thumb Code     2  stm32f10x.o(.text)
    ADC_IRQHandler                           0x080001b7   Thumb Code     0  stm32f10x.o(.text)
    CAN_RX1_IRQHandler                       0x080001b7   Thumb Code     0  stm32f10x.o(.text)
    CAN_SCE_IRQHandler                       0x080001b7   Thumb Code     0  stm32f10x.o(.text)
    DMAChannel1_IRQHandler                   0x080001b7   Thumb Code     0  stm32f10x.o(.text)
    DMAChannel2_IRQHandler                   0x080001b7   Thumb Code     0  stm32f10x.o(.text)
    DMAChannel3_IRQHandler                   0x080001b7   Thumb Code     0  stm32f10x.o(.text)
    DMAChannel4_IRQHandler                   0x080001b7   Thumb Code     0  stm32f10x.o(.text)
    DMAChannel5_IRQHandler                   0x080001b7   Thumb Code     0  stm32f10x.o(.text)
    DMAChannel6_IRQHandler                   0x080001b7   Thumb Code     0  stm32f10x.o(.text)
    DMAChannel7_IRQHandler                   0x080001b7   Thumb Code     0  stm32f10x.o(.text)
    EXTI15_10_IRQHandler                     0x080001b7   Thumb Code     0  stm32f10x.o(.text)
    EXTI1_IRQHandler                         0x080001b7   Thumb Code     0  stm32f10x.o(.text)
    EXTI2_IRQHandler                         0x080001b7   Thumb Code     0  stm32f10x.o(.text)
    EXTI3_IRQHandler                         0x080001b7   Thumb Code     0  stm32f10x.o(.text)
    EXTI4_IRQHandler                         0x080001b7   Thumb Code     0  stm32f10x.o(.text)
    EXTI9_5_IRQHandler                       0x080001b7   Thumb Code     0  stm32f10x.o(.text)
    FLASH_IRQHandler                         0x080001b7   Thumb Code     0  stm32f10x.o(.text)
    I2C1_ER_IRQHandler                       0x080001b7   Thumb Code     0  stm32f10x.o(.text)
    I2C1_EV_IRQHandler                       0x080001b7   Thumb Code     0  stm32f10x.o(.text)
    I2C2_ER_IRQHandler                       0x080001b7   Thumb Code     0  stm32f10x.o(.text)
    I2C2_EV_IRQHandler                       0x080001b7   Thumb Code     0  stm32f10x.o(.text)
    PVD_IRQHandler                           0x080001b7   Thumb Code     0  stm32f10x.o(.text)
    RCC_IRQHandler                           0x080001b7   Thumb Code     0  stm32f10x.o(.text)
    RTCAlarm_IRQHandler                      0x080001b7   Thumb Code     0  stm32f10x.o(.text)
    SPI1_IRQHandler                          0x080001b7   Thumb Code     0  stm32f10x.o(.text)
    SPI2_IRQHandler                          0x080001b7   Thumb Code     0  stm32f10x.o(.text)
    TAMPER_IRQHandler                        0x080001b7   Thumb Code     0  stm32f10x.o(.text)
    TIM1_BRK_IRQHandler                      0x080001b7   Thumb Code     0  stm32f10x.o(.text)
    TIM1_CC_IRQHandler                       0x080001b7   Thumb Code     0  stm32f10x.o(.text)
    TIM1_TRG_COM_IRQHandler                  0x080001b7   Thumb Code     0  stm32f10x.o(.text)
    TIM1_UP_IRQHandler                       0x080001b7   Thumb Code     0  stm32f10x.o(.text)
    TIM2_IRQHandler                          0x080001b7   Thumb Code     0  stm32f10x.o(.text)
    TIM4_IRQHandler                          0x080001b7   Thumb Code     0  stm32f10x.o(.text)
    USART1_IRQHandler                        0x080001b7   Thumb Code     0  stm32f10x.o(.text)
    USART2_IRQHandler                        0x080001b7   Thumb Code     0  stm32f10x.o(.text)
    USART3_IRQHandler                        0x080001b7   Thumb Code     0  stm32f10x.o(.text)
    USBWakeUp_IRQHandler                     0x080001b7   Thumb Code     0  stm32f10x.o(.text)
    USB_HP_CAN_TX_IRQHandler                 0x080001b7   Thumb Code     0  stm32f10x.o(.text)
    USB_LP_CAN_RX0_IRQHandler                0x080001b7   Thumb Code     0  stm32f10x.o(.text)
    __user_initial_stackheap                 0x080001b9   Thumb Code     0  stm32f10x.o(.text)
    main                                     0x080001d5   Thumb Code   312  test.o(.text)
    delay_init                               0x08000385   Thumb Code    46  delay.o(.text)
    delay_ms                                 0x080003b3   Thumb Code    54  delay.o(.text)
    delay_us                                 0x080003e9   Thumb Code    52  delay.o(.text)
    MY_NVIC_SetVectorTable                   0x08000421   Thumb Code    12  sys.o(.text)
    MY_NVIC_PriorityGroupConfig              0x0800042d   Thumb Code    40  sys.o(.text)
    MY_NVIC_Init                             0x08000455   Thumb Code   158  sys.o(.text)
    Ex_NVIC_Config                           0x080004f3   Thumb Code   156  sys.o(.text)
    MYRCC_DeInit                             0x0800058f   Thumb Code    90  sys.o(.text)
    Sys_Standby                              0x080005e9   Thumb Code    68  sys.o(.text)
    Sys_Soft_Reset                           0x0800062d   Thumb Code    10  sys.o(.text)
    JTAG_Set                                 0x08000637   Thumb Code    40  sys.o(.text)
    Stm32_Clock_Init                         0x0800065f   Thumb Code   130  sys.o(.text)
    _sys_exit                                0x08000729   Thumb Code     6  usart.o(.text)
    fputc                                    0x0800072f   Thumb Code    20  usart.o(.text)
    uart_init                                0x08000743   Thumb Code   182  usart.o(.text)
    LED_Init                                 0x08000819   Thumb Code   110  led.o(.text)
    IWDG_Init                                0x08000899   Thumb Code    28  wdg.o(.text)
    IWDG_Feed                                0x080008b5   Thumb Code    10  wdg.o(.text)
    WWDG_Init                                0x080008bf   Thumb Code   134  wdg.o(.text)
    WWDG_Set_Counter                         0x08000945   Thumb Code    20  wdg.o(.text)
    WWDG_IRQHandler                          0x08000959   Thumb Code    58  wdg.o(.text)
    TIM3_IRQHandler                          0x080009b9   Thumb Code    44  timer.o(.text)
    Timerx_Init                              0x080009e5   Thumb Code    96  timer.o(.text)
    PWM_Init                                 0x08000a45   Thumb Code   168  timer.o(.text)
    Time2_Init                               0x08000aed   Thumb Code    68  timer.o(.text)
    TIM2_Pwm                                 0x08000b31   Thumb Code   108  timer.o(.text)
    LCD_WR_REG                               0x08000bc1   Thumb Code    32  ili93xx.o(.text)
    LCD_WriteReg                             0x08000be1   Thumb Code    44  ili93xx.o(.text)
    LCD_ReadReg                              0x08000c0d   Thumb Code   104  ili93xx.o(.text)
    LCD_WriteRAM_Prepare                     0x08000c75   Thumb Code    10  ili93xx.o(.text)
    LCD_WriteRAM                             0x08000c7f   Thumb Code    32  ili93xx.o(.text)
    LCD_BGR2RGB                              0x08000c9f   Thumb Code    26  ili93xx.o(.text)
    LCD_ReadPoint                            0x08000cb9   Thumb Code   200  ili93xx.o(.text)
    LCD_DisplayOn                            0x08000d81   Thumb Code    14  ili93xx.o(.text)
    LCD_DisplayOff                           0x08000d8f   Thumb Code    12  ili93xx.o(.text)
    LCD_DrawPoint                            0x08000d9b   Thumb Code    58  ili93xx.o(.text)
    LCD_Clear                                0x08000dd5   Thumb Code    64  ili93xx.o(.text)
    LCD_Init                                 0x08000e15   Thumb Code  3730  ili93xx.o(.text)
    LCD_Fill                                 0x08001ca7   Thumb Code   106  ili93xx.o(.text)
    LCD_DrawLine                             0x08001d11   Thumb Code   200  ili93xx.o(.text)
    LCD_DrawRectangle                        0x08001dd9   Thumb Code    64  ili93xx.o(.text)
    Draw_Circle                              0x08001e19   Thumb Code   200  ili93xx.o(.text)
    LCD_ShowChar                             0x08001ee1   Thumb Code   290  ili93xx.o(.text)
    mypow                                    0x08002003   Thumb Code    22  ili93xx.o(.text)
    LCD_ShowNum                              0x08002019   Thumb Code   158  ili93xx.o(.text)
    LCD_Show2Num                             0x080020b7   Thumb Code   102  ili93xx.o(.text)
    LCD_ShowString                           0x0800211d   Thumb Code    74  ili93xx.o(.text)
    LCD_ShowString2                          0x08002167   Thumb Code    74  ili93xx.o(.text)
    RTC_Get_Week                             0x080021c1   Thumb Code   110  rtc.o(.text)
    Is_Leap_Year                             0x0800222f   Thumb Code    58  rtc.o(.text)
    RTC_Get                                  0x08002269   Thumb Code   246  rtc.o(.text)
    RTC_Set                                  0x0800235f   Thumb Code   260  rtc.o(.text)
    str_cmpx                                 0x08002463   Thumb Code    36  rtc.o(.text)
    Auto_Time_Set                            0x08002487   Thumb Code   256  rtc.o(.text)
    RTC_Init                                 0x08002587   Thumb Code   400  rtc.o(.text)
    RTC_IRQHandler                           0x08002717   Thumb Code    72  rtc.o(.text)
    Sys_Enter_Standby                        0x08002771   Thumb Code    20  wkup.o(.text)
    Check_WKUP                               0x08002785   Thumb Code    72  wkup.o(.text)
    EXTI0_IRQHandler                         0x080027cd   Thumb Code    20  wkup.o(.text)
    WKUP_Init                                0x080027e1   Thumb Code    90  wkup.o(.text)
    Adc_Init                                 0x08002855   Thumb Code   334  adc.o(.text)
    Get_Adc                                  0x080029a3   Thumb Code    64  adc.o(.text)
    dma_init                                 0x08002a0d   Thumb Code   102  dma.o(.text)
    dma_singlemove                           0x08002a73   Thumb Code    24  dma.o(.text)
    __use_no_semihosting                     0x08002a95   Thumb Code     2  use_no_semi_2.o(.text)
    __2printf                                0x08002a99   Thumb Code    24  noretval__2printf.o(.text)
    __2sprintf                               0x08002ab9   Thumb Code    34  noretval__2sprintf.o(.text)
    __printf                                 0x08002ae1   Thumb Code   110  __printf.o(.text)
    _printf_int_dec                          0x08002b51   Thumb Code    98  _printf_dec.o(.text)
    _printf_int_hex                          0x08002bc5   Thumb Code    88  _printf_hex_int.o(.text)
    _printf_longlong_hex                     0x08002bc5   Thumb Code     0  _printf_hex_int.o(.text)
    __use_two_region_memory                  0x08002c21   Thumb Code     2  heapauxi.o(.text)
    __rt_heap_escrow$2region                 0x08002c23   Thumb Code     2  heapauxi.o(.text)
    __rt_heap_expand$2region                 0x08002c25   Thumb Code     2  heapauxi.o(.text)
    __I$use$semihosting                      0x08002c27   Thumb Code     0  use_no_semi.o(.text)
    __use_no_semihosting_swi                 0x08002c27   Thumb Code     2  use_no_semi.o(.text)
    _printf_int_common                       0x08002c29   Thumb Code   180  _printf_intcommon.o(.text)
    _printf_char_common                      0x08002ce7   Thumb Code    34  _printf_char_common.o(.text)
    _sputc                                   0x08002d0d   Thumb Code    10  _sputc.o(.text)
    __rt_udiv10                              0x08002d17   Thumb Code    16  rtudiv10.o(.text)
    __user_setup_stackheap                   0x08002d27   Thumb Code    74  sys_stackheap_outer.o(.text)
    exit                                     0x08002d71   Thumb Code    12  exit.o(.text)
    __user_libspace                          0x08002d7d   Thumb Code     8  libspace.o(.text)
    __user_perproc_libspace                  0x08002d7d   Thumb Code     0  libspace.o(.text)
    __user_perthread_libspace                0x08002d7d   Thumb Code     0  libspace.o(.text)
    __rt_fp_status_addr                      0x08002d85   Thumb Code    12  rt_fp_status_addr_intlibspace.o(.text)
    LCD_SetCursor                            0x08002d91   Thumb Code    54  ili93xx.o(i.LCD_SetCursor)
    __aeabi_d2f                              0x08002dcd   Thumb Code     0  d2f.o(x$fpl$d2f)
    _d2f                                     0x08002dcd   Thumb Code   142  d2f.o(x$fpl$d2f)
    __fpl_inf_d2f                            0x08002e55   Thumb Code     0  d2f.o(x$fpl$d2f)
    __fpl_dcheck_NaN2                        0x08002e61   Thumb Code    10  dcheck.o(x$fpl$dcheck)
    __fpl_dcheck_NaN1                        0x08002e71   Thumb Code    10  dcheck1.o(x$fpl$dcheck1)
    __aeabi_i2d                              0x08002e81   Thumb Code     0  dflt_clz.o(x$fpl$dflt)
    _dflt                                    0x08002e81   Thumb Code    44  dflt_clz.o(x$fpl$dflt)
    __dflt_normalise                         0x08002e8f   Thumb Code     0  dflt_clz.o(x$fpl$dflt)
    __aeabi_dmul                             0x08002ead   Thumb Code     0  dmul.o(x$fpl$dmul)
    _dmul                                    0x08002ead   Thumb Code   440  dmul.o(x$fpl$dmul)
    __fpl_inf_dmul                           0x08003037   Thumb Code     0  dmul.o(x$fpl$dmul)
    __dunder                                 0x08003075   Thumb Code   234  dunder.o(x$fpl$dunder)
    __dunder_d                               0x0800315f   Thumb Code     2  dunder.o(x$fpl$dunder)
    __aeabi_f2d                              0x08003161   Thumb Code     0  f2d.o(x$fpl$f2d)
    _f2d                                     0x08003161   Thumb Code    76  f2d.o(x$fpl$f2d)
    __fpl_inf_f2d                            0x080031a5   Thumb Code     0  f2d.o(x$fpl$f2d)
    __aeabi_fadd                             0x080031b1   Thumb Code     0  faddsub_clz.o(x$fpl$fadd)
    _fadd                                    0x080031b1   Thumb Code   248  faddsub_clz.o(x$fpl$fadd)
    __fpl_inf_fadd                           0x0800328b   Thumb Code     0  faddsub_clz.o(x$fpl$fadd)
    __fpl_fcheck_NaN2                        0x080032b1   Thumb Code     6  fcheck.o(x$fpl$fcheck)
    __fpl_fcheck_NaN1                        0x080032bd   Thumb Code     6  fcheck1.o(x$fpl$fcheck1)
    __aeabi_fdiv                             0x080032c9   Thumb Code     0  fdiv.o(x$fpl$fdiv)
    _fdiv                                    0x080032c9   Thumb Code   476  fdiv.o(x$fpl$fdiv)
    __fpl_inf_fdiv                           0x0800346d   Thumb Code     0  fdiv.o(x$fpl$fdiv)
    __aeabi_f2uiz                            0x080034ad   Thumb Code     0  ffixu.o(x$fpl$ffixu)
    _ffixu                                   0x080034ad   Thumb Code    82  ffixu.o(x$fpl$ffixu)
    __fpl_inf_ffixu                          0x080034f9   Thumb Code     0  ffixu.o(x$fpl$ffixu)
    __aeabi_i2f                              0x08003505   Thumb Code     0  fflt_clz.o(x$fpl$fflt)
    _fflt                                    0x08003505   Thumb Code    50  fflt_clz.o(x$fpl$fflt)
    __fflt_normalise                         0x08003511   Thumb Code     0  fflt_clz.o(x$fpl$fflt)
    __aeabi_ui2f                             0x08003537   Thumb Code     0  fflt_clz.o(x$fpl$ffltu)
    _ffltu                                   0x08003537   Thumb Code     8  fflt_clz.o(x$fpl$ffltu)
    __aeabi_fmul                             0x08003541   Thumb Code     0  fmul.o(x$fpl$fmul)
    _fmul                                    0x08003541   Thumb Code   258  fmul.o(x$fpl$fmul)
    __fpl_inf_fmul                           0x0800362d   Thumb Code     0  fmul.o(x$fpl$fmul)
    __fpl_normalise2                         0x08003649   Thumb Code    74  fnorm2_clz.o(x$fpl$fnorm2)
    _fp_init                                 0x08003693   Thumb Code    14  fpinit.o(x$fpl$fpinit)
    __fplib_config_pureend_doubles           0x0800369f   Thumb Code     0  fpinit.o(x$fpl$fpinit)
    __aeabi_frsub                            0x080036a1   Thumb Code     0  faddsub_clz.o(x$fpl$frsb)
    _frsb                                    0x080036a1   Thumb Code    20  faddsub_clz.o(x$fpl$frsb)
    __aeabi_fsub                             0x080036b5   Thumb Code     0  faddsub_clz.o(x$fpl$fsub)
    _fsub                                    0x080036b5   Thumb Code   282  faddsub_clz.o(x$fpl$fsub)
    __fpl_inf_fsub                           0x080037af   Thumb Code     0  faddsub_clz.o(x$fpl$fsub)
    __funder                                 0x080037d9   Thumb Code   132  funder.o(x$fpl$funder)
    __funder_d                               0x0800385d   Thumb Code     2  funder.o(x$fpl$funder)
    __fpl_return_NaN                         0x0800385f   Thumb Code   100  retnan.o(x$fpl$retnan)
    __fpl_cmpreturn                          0x080038c3   Thumb Code    48  trapv.o(x$fpl$trapveneer)
    __I$use$fp                               0x080038f3   Thumb Code     0  usenofp.o(x$fpl$usenofp)
    asc2_1206                                0x080038f2   Data        1140  ili93xx.o(.constdata)
    asc2_1608                                0x08003d66   Data        1520  ili93xx.o(.constdata)
    table_week                               0x08004356   Data          12  rtc.o(.constdata)
    mon_table                                0x08004362   Data          12  rtc.o(.constdata)
    Month_Tab                                0x0800436e   Data          36  rtc.o(.constdata)
    Region$$Table$$Base                      0x080043bc   Number         0  anon$$obj.o(Region$$Table)
    Region$$Table$$Limit                     0x080043dc   Number         0  anon$$obj.o(Region$$Table)
    __stdout                                 0x20000004   Data           4  usart.o(.data)
    WWDG_CNT                                 0x20000008   Data           1  wdg.o(.data)
    POINT_COLOR                              0x2000000a   Data           2  ili93xx.o(.data)
    BACK_COLOR                               0x2000000c   Data           2  ili93xx.o(.data)
    DeviceCode                               0x2000000e   Data           2  ili93xx.o(.data)
    COMPILED_DATE                            0x20000014   Data           4  rtc.o(.data)
    COMPILED_TIME                            0x20000018   Data           4  rtc.o(.data)
    m                                        0x2000001c   Data           2  dma.o(.data)
    timer                                    0x20000020   Data          10  rtc.o(.bss)
    __libspace_start                         0x2000002c   Data          96  libspace.o(.bss)
    __temporary_stack_top$libspace           0x2000008c   Data           0  libspace.o(.bss)



==============================================================================

Memory Map of the image

  Image Entry point : 0x080000ed

  Load Region LR_IROM1 (Base: 0x08000000, Size: 0x000043fc, Max: 0x00020000, ABSOLUTE)

    Execution Region ER_IROM1 (Base: 0x08000000, Size: 0x000043dc, Max: 0x00020000, ABSOLUTE)

    Base Addr    Size         Type   Attr      Idx    E Section Name        Object

    0x08000000   0x000000ec   Data   RO            3    RESET               stm32f10x.o
    0x080000ec   0x00000008   Code   RO          411  * !!!main             __main.o(c_w.l)
    0x080000f4   0x00000034   Code   RO          635    !!!scatter          __scatter.o(c_w.l)
    0x08000128   0x0000001a   Code   RO          637    !!handler_copy      __scatter_copy.o(c_w.l)
    0x08000142   0x00000002   PAD
    0x08000144   0x0000001c   Code   RO          639    !!handler_zi        __scatter_zi.o(c_w.l)
    0x08000160   0x00000000   Code   RO          408    .ARM.Collect$$_printf_percent$$00000000  _printf_percent.o(c_w.l)
    0x08000160   0x00000006   Code   RO          407    .ARM.Collect$$_printf_percent$$00000009  _printf_d.o(c_w.l)
    0x08000166   0x00000006   Code   RO          406    .ARM.Collect$$_printf_percent$$0000000C  _printf_x.o(c_w.l)
    0x0800016c   0x00000004   Code   RO          449    .ARM.Collect$$_printf_percent$$00000017  _printf_percent_end.o(c_w.l)
    0x08000170   0x00000006   Code   RO          507    .ARM.Collect$$libinit$$00000000  libinit.o(c_w.l)
    0x08000176   0x00000000   Code   RO          517    .ARM.Collect$$libinit$$00000006  libinit2.o(c_w.l)
    0x08000176   0x00000000   Code   RO          519    .ARM.Collect$$libinit$$00000008  libinit2.o(c_w.l)
    0x08000176   0x00000000   Code   RO          521    .ARM.Collect$$libinit$$0000000A  libinit2.o(c_w.l)
    0x08000176   0x00000000   Code   RO          524    .ARM.Collect$$libinit$$0000000D  libinit2.o(c_w.l)
    0x08000176   0x00000000   Code   RO          526    .ARM.Collect$$libinit$$0000000F  libinit2.o(c_w.l)
    0x08000176   0x00000000   Code   RO          528    .ARM.Collect$$libinit$$00000011  libinit2.o(c_w.l)
    0x08000176   0x00000000   Code   RO          530    .ARM.Collect$$libinit$$00000013  libinit2.o(c_w.l)
    0x08000176   0x00000000   Code   RO          532    .ARM.Collect$$libinit$$00000015  libinit2.o(c_w.l)
    0x08000176   0x00000000   Code   RO          534    .ARM.Collect$$libinit$$00000017  libinit2.o(c_w.l)
    0x08000176   0x00000000   Code   RO          536    .ARM.Collect$$libinit$$00000019  libinit2.o(c_w.l)
    0x08000176   0x00000000   Code   RO          538    .ARM.Collect$$libinit$$0000001B  libinit2.o(c_w.l)
    0x08000176   0x00000000   Code   RO          540    .ARM.Collect$$libinit$$0000001D  libinit2.o(c_w.l)
    0x08000176   0x00000000   Code   RO          542    .ARM.Collect$$libinit$$0000001F  libinit2.o(c_w.l)
    0x08000176   0x00000000   Code   RO          544    .ARM.Collect$$libinit$$00000021  libinit2.o(c_w.l)
    0x08000176   0x00000000   Code   RO          548    .ARM.Collect$$libinit$$00000028  libinit2.o(c_w.l)
    0x08000176   0x00000000   Code   RO          550    .ARM.Collect$$libinit$$0000002A  libinit2.o(c_w.l)
    0x08000176   0x00000000   Code   RO          552    .ARM.Collect$$libinit$$0000002C  libinit2.o(c_w.l)
    0x08000176   0x00000000   Code   RO          554    .ARM.Collect$$libinit$$0000002E  libinit2.o(c_w.l)
    0x08000176   0x00000002   Code   RO          555    .ARM.Collect$$libinit$$0000002F  libinit2.o(c_w.l)
    0x08000178   0x00000002   Code   RO          579    .ARM.Collect$$libshutdown$$00000000  libshutdown.o(c_w.l)
    0x0800017a   0x00000000   Code   RO          590    .ARM.Collect$$libshutdown$$00000003  libshutdown2.o(c_w.l)
    0x0800017a   0x00000000   Code   RO          593    .ARM.Collect$$libshutdown$$00000006  libshutdown2.o(c_w.l)
    0x0800017a   0x00000000   Code   RO          596    .ARM.Collect$$libshutdown$$00000009  libshutdown2.o(c_w.l)
    0x0800017a   0x00000000   Code   RO          598    .ARM.Collect$$libshutdown$$0000000B  libshutdown2.o(c_w.l)
    0x0800017a   0x00000000   Code   RO          601    .ARM.Collect$$libshutdown$$0000000E  libshutdown2.o(c_w.l)
    0x0800017a   0x00000002   Code   RO          602    .ARM.Collect$$libshutdown$$0000000F  libshutdown2.o(c_w.l)
    0x0800017c   0x00000000   Code   RO          441    .ARM.Collect$$rtentry$$00000000  rtentry.o(c_w.l)
    0x0800017c   0x00000000   Code   RO          476    .ARM.Collect$$rtentry$$00000002  rtentry2.o(c_w.l)
    0x0800017c   0x00000006   Code   RO          491    .ARM.Collect$$rtentry$$00000004  rtentry4.o(c_w.l)
    0x08000182   0x00000000   Code   RO          478    .ARM.Collect$$rtentry$$00000009  rtentry2.o(c_w.l)
    0x08000182   0x00000004   Code   RO          479    .ARM.Collect$$rtentry$$0000000A  rtentry2.o(c_w.l)
    0x08000186   0x00000000   Code   RO          481    .ARM.Collect$$rtentry$$0000000C  rtentry2.o(c_w.l)
    0x08000186   0x00000008   Code   RO          482    .ARM.Collect$$rtentry$$0000000D  rtentry2.o(c_w.l)
    0x0800018e   0x00000002   Code   RO          513    .ARM.Collect$$rtexit$$00000000  rtexit.o(c_w.l)
    0x08000190   0x00000000   Code   RO          559    .ARM.Collect$$rtexit$$00000002  rtexit2.o(c_w.l)
    0x08000190   0x00000004   Code   RO          560    .ARM.Collect$$rtexit$$00000003  rtexit2.o(c_w.l)
    0x08000194   0x00000006   Code   RO          561    .ARM.Collect$$rtexit$$00000004  rtexit2.o(c_w.l)
    0x0800019a   0x00000002   PAD
    0x0800019c   0x00000002   Code   RO          170    .emb_text           sys.o
    0x0800019e   0x00000002   PAD
    0x080001a0   0x00000034   Code   RO            4    .text               stm32f10x.o
    0x080001d4   0x000001b0   Code   RO           10    .text               test.o
    0x08000384   0x0000009c   Code   RO          156    .text               delay.o
    0x08000420   0x00000308   Code   RO          171    .text               sys.o
    0x08000728   0x000000f0   Code   RO          186    .text               usart.o
    0x08000818   0x00000080   Code   RO          205    .text               led.o
    0x08000898   0x00000120   Code   RO          230    .text               wdg.o
    0x080009b8   0x00000208   Code   RO          245    .text               timer.o
    0x08000bc0   0x00001600   Code   RO          257    .text               ili93xx.o
    0x080021c0   0x000005b0   Code   RO          292    .text               rtc.o
    0x08002770   0x000000e4   Code   RO          312    .text               wkup.o
    0x08002854   0x000001b8   Code   RO          324    .text               adc.o
    0x08002a0c   0x00000088   Code   RO          336    .text               dma.o
    0x08002a94   0x00000002   Code   RO          353    .text               use_no_semi_2.o(c_w.l)
    0x08002a96   0x00000002   PAD
    0x08002a98   0x00000020   Code   RO          359    .text               noretval__2printf.o(c_w.l)
    0x08002ab8   0x00000028   Code   RO          361    .text               noretval__2sprintf.o(c_w.l)
    0x08002ae0   0x0000006e   Code   RO          363    .text               __printf.o(c_w.l)
    0x08002b4e   0x00000002   PAD
    0x08002b50   0x00000074   Code   RO          365    .text               _printf_dec.o(c_w.l)
    0x08002bc4   0x0000005c   Code   RO          370    .text               _printf_hex_int.o(c_w.l)
    0x08002c20   0x00000006   Code   RO          409    .text               heapauxi.o(c_w.l)
    0x08002c26   0x00000002   Code   RO          439    .text               use_no_semi.o(c_w.l)
    0x08002c28   0x000000b4   Code   RO          443    .text               _printf_intcommon.o(c_w.l)
    0x08002cdc   0x00000030   Code   RO          445    .text               _printf_char_common.o(c_w.l)
    0x08002d0c   0x0000000a   Code   RO          447    .text               _sputc.o(c_w.l)
    0x08002d16   0x00000010   Code   RO          454    .text               rtudiv10.o(c_w.l)
    0x08002d26   0x0000004a   Code   RO          497    .text               sys_stackheap_outer.o(c_w.l)
    0x08002d70   0x0000000c   Code   RO          499    .text               exit.o(c_w.l)
    0x08002d7c   0x00000008   Code   RO          510    .text               libspace.o(c_w.l)
    0x08002d84   0x0000000c   Code   RO          569    .text               rt_fp_status_addr_intlibspace.o(c_w.l)
    0x08002d90   0x0000003c   Code   RO          270    i.LCD_SetCursor     ili93xx.o
    0x08002dcc   0x00000094   Code   RO          413    x$fpl$d2f           d2f.o(fz_ws.l)
    0x08002e60   0x00000010   Code   RO          456    x$fpl$dcheck        dcheck.o(fz_ws.l)
    0x08002e70   0x00000010   Code   RO          458    x$fpl$dcheck1       dcheck1.o(fz_ws.l)
    0x08002e80   0x0000002c   Code   RO          461    x$fpl$dflt          dflt_clz.o(fz_ws.l)
    0x08002eac   0x000001c8   Code   RO          415    x$fpl$dmul          dmul.o(fz_ws.l)
    0x08003074   0x000000ec   Code   RO          464    x$fpl$dunder        dunder.o(fz_ws.l)
    0x08003160   0x00000050   Code   RO          417    x$fpl$f2d           f2d.o(fz_ws.l)
    0x080031b0   0x00000100   Code   RO          419    x$fpl$fadd          faddsub_clz.o(fz_ws.l)
    0x080032b0   0x0000000c   Code   RO          466    x$fpl$fcheck        fcheck.o(fz_ws.l)
    0x080032bc   0x0000000c   Code   RO          468    x$fpl$fcheck1       fcheck1.o(fz_ws.l)
    0x080032c8   0x000001e4   Code   RO          426    x$fpl$fdiv          fdiv.o(fz_ws.l)
    0x080034ac   0x00000058   Code   RO          429    x$fpl$ffixu         ffixu.o(fz_ws.l)
    0x08003504   0x00000032   Code   RO          434    x$fpl$fflt          fflt_clz.o(fz_ws.l)
    0x08003536   0x00000008   Code   RO          433    x$fpl$ffltu         fflt_clz.o(fz_ws.l)
    0x0800353e   0x00000002   PAD
    0x08003540   0x00000108   Code   RO          437    x$fpl$fmul          fmul.o(fz_ws.l)
    0x08003648   0x0000004a   Code   RO          470    x$fpl$fnorm2        fnorm2_clz.o(fz_ws.l)
    0x08003692   0x0000000e   Code   RO          556    x$fpl$fpinit        fpinit.o(fz_ws.l)
    0x080036a0   0x00000014   Code   RO          420    x$fpl$frsb          faddsub_clz.o(fz_ws.l)
    0x080036b4   0x00000124   Code   RO          421    x$fpl$fsub          faddsub_clz.o(fz_ws.l)
    0x080037d8   0x00000086   Code   RO          472    x$fpl$funder        funder.o(fz_ws.l)
    0x0800385e   0x00000064   Code   RO          495    x$fpl$retnan        retnan.o(fz_ws.l)
    0x080038c2   0x00000030   Code   RO          508    x$fpl$trapveneer    trapv.o(fz_ws.l)
    0x080038f2   0x00000000   Code   RO          474    x$fpl$usenofp       usenofp.o(fz_ws.l)
    0x080038f2   0x00000a64   Data   RO          258    .constdata          ili93xx.o
    0x08004356   0x0000003c   Data   RO          294    .constdata          rtc.o
    0x08004392   0x00000028   Data   RO          371    .constdata          _printf_hex_int.o(c_w.l)
    0x080043ba   0x00000002   PAD
    0x080043bc   0x00000020   Data   RO          633    Region$$Table       anon$$obj.o


    Execution Region RW_IRAM1 (Base: 0x20000000, Size: 0x00000290, Max: 0x00005000, ABSOLUTE)

    Base Addr    Size         Type   Attr      Idx    E Section Name        Object

    0x20000000   0x00000004   Data   RW          157    .data               delay.o
    0x20000004   0x00000004   Data   RW          187    .data               usart.o
    0x20000008   0x00000001   Data   RW          231    .data               wdg.o
    0x20000009   0x00000001   PAD
    0x2000000a   0x00000006   Data   RW          259    .data               ili93xx.o
    0x20000010   0x0000000c   Data   RW          295    .data               rtc.o
    0x2000001c   0x00000002   Data   RW          337    .data               dma.o
    0x2000001e   0x00000002   PAD
    0x20000020   0x0000000a   Zero   RW          293    .bss                rtc.o
    0x2000002a   0x00000002   PAD
    0x2000002c   0x00000060   Zero   RW          511    .bss                libspace.o(c_w.l)
    0x2000008c   0x00000004   PAD
    0x20000090   0x00000000   Zero   RW            2    HEAP                stm32f10x.o
    0x20000090   0x00000200   Zero   RW            1    STACK               stm32f10x.o


==============================================================================

Image component sizes


      Code (inc. data)   RO Data    RW Data    ZI Data      Debug   Object Name

       440         42          0          0          0        707   adc.o
       156          4          0          4          0        923   delay.o
       136         10          0          2          0       1242   dma.o
      5692        100       2660          6          0      10263   ili93xx.o
       128         18          0          0          0        395   led.o
      1456         94         60         12         10       4186   rtc.o
        52         18        236          0        512        452   stm32f10x.o
       778         72          0          0          0       2639   sys.o
       432        120          0          0          0      16727   test.o
       520         36          0          0          0       1315   timer.o
       240         32          0          4          0       2562   usart.o
       288         38          0          1          0       1400   wdg.o
       228         26          0          0          0        946   wkup.o

    ----------------------------------------------------------------------
     10548        610       2988         32        524      43757   Object Totals
         0          0         32          0          0          0   (incl. Generated)
         2          0          0          3          2          1   (incl. Padding)

    ----------------------------------------------------------------------

      Code (inc. data)   RO Data    RW Data    ZI Data      Debug   Library Member Name

         8          0          0          0          0         68   __main.o
       110          0          0          0          0         84   __printf.o
        52          8          0          0          0          0   __scatter.o
        26          0          0          0          0          0   __scatter_copy.o
        28          0          0          0          0          0   __scatter_zi.o
        48          4          0          0          0         96   _printf_char_common.o
         6          0          0          0          0          0   _printf_d.o
       116         18          0          0          0         92   _printf_dec.o
        92          4         40          0          0         84   _printf_hex_int.o
       180          0          0          0          0         88   _printf_intcommon.o
         0          0          0          0          0          0   _printf_percent.o
         4          0          0          0          0          0   _printf_percent_end.o
         6          0          0          0          0          0   _printf_x.o
        10          0          0          0          0         68   _sputc.o
       148          6          0          0          0         68   d2f.o
        16          6          0          0          0         68   dcheck.o
        16          6          0          0          0         68   dcheck1.o
        44          0          0          0          0         68   dflt_clz.o
       456         16          0          0          0        100   dmul.o
       236          0          0          0          0         92   dunder.o
        12          0          0          0          0         68   exit.o
        80          4          0          0          0         68   f2d.o
       568         18          0          0          0        204   faddsub_clz.o
        12          6          0          0          0         68   fcheck.o
        12          6          0          0          0         68   fcheck1.o
       484         76          0          0          0         76   fdiv.o
        88          6          0          0          0         68   ffixu.o
        58          0          0          0          0        136   fflt_clz.o
       264          6          0          0          0         68   fmul.o
        74          0          0          0          0         84   fnorm2_clz.o
        14          0          0          0          0         76   fpinit.o
       134          0          0          0          0         84   funder.o
         6          0          0          0          0        148   heapauxi.o
         6          0          0          0          0          0   libinit.o
         2          0          0          0          0          0   libinit2.o
         2          0          0          0          0          0   libshutdown.o
         2          0          0          0          0          0   libshutdown2.o
         8          4          0          0         96         68   libspace.o
        32          8          0          0          0         80   noretval__2printf.o
        40          6          0          0          0         80   noretval__2sprintf.o
       100          0          0          0          0         68   retnan.o
        12          6          0          0          0         68   rt_fp_status_addr_intlibspace.o
         0          0          0          0          0          0   rtentry.o
        12          0          0          0          0          0   rtentry2.o
         6          0          0          0          0          0   rtentry4.o
         2          0          0          0          0          0   rtexit.o
        10          0          0          0          0          0   rtexit2.o
        16          0          0          0          0         68   rtudiv10.o
        74          0          0          0          0         80   sys_stackheap_outer.o
        48          0          0          0          0         68   trapv.o
         2          0          0          0          0         68   use_no_semi.o
         2          0          0          0          0         68   use_no_semi_2.o
         0          0          0          0          0          0   usenofp.o

    ----------------------------------------------------------------------
      3794        214         42          0        100       2976   Library Totals
        10          0          2          0          4          0   (incl. Padding)

    ----------------------------------------------------------------------

      Code (inc. data)   RO Data    RW Data    ZI Data      Debug   Library Name

       932         58         40          0         96       1376   c_w.l
      2852        156          0          0          0       1600   fz_ws.l

    ----------------------------------------------------------------------
      3794        214         42          0        100       2976   Library Totals

    ----------------------------------------------------------------------

==============================================================================


      Code (inc. data)   RO Data    RW Data    ZI Data      Debug   

     14342        824       3030         32        624      43784   Grand Totals
     14342        824       3030         32        624      43784   ELF Image Totals
     14342        824       3030         32          0          0   ROM Totals

==============================================================================

    Total RO  Size (Code + RO Data)                17372 (  16.96kB)
    Total RW  Size (RW Data + ZI Data)               656 (   0.64kB)
    Total ROM Size (Code + RO Data + RW Data)      17404 (  17.00kB)

==============================================================================

